Archive member included to satisfy reference by file (symbol)

/usr/lib/gcc/arm-none-eabi/6.3.1/../../../arm-none-eabi/lib/thumb/v7-m/libc_nano.a(lib_a-atexit.o)
                              /usr/lib/gcc/arm-none-eabi/6.3.1/../../../arm-none-eabi/lib/thumb/v7-m/crt0.o (atexit)
/usr/lib/gcc/arm-none-eabi/6.3.1/../../../arm-none-eabi/lib/thumb/v7-m/libc_nano.a(lib_a-exit.o)
                              /usr/lib/gcc/arm-none-eabi/6.3.1/../../../arm-none-eabi/lib/thumb/v7-m/crt0.o (exit)
/usr/lib/gcc/arm-none-eabi/6.3.1/../../../arm-none-eabi/lib/thumb/v7-m/libc_nano.a(lib_a-fini.o)
                              /usr/lib/gcc/arm-none-eabi/6.3.1/../../../arm-none-eabi/lib/thumb/v7-m/crt0.o (__libc_fini_array)
/usr/lib/gcc/arm-none-eabi/6.3.1/../../../arm-none-eabi/lib/thumb/v7-m/libc_nano.a(lib_a-impure.o)
                              /usr/lib/gcc/arm-none-eabi/6.3.1/../../../arm-none-eabi/lib/thumb/v7-m/libc_nano.a(lib_a-exit.o) (_global_impure_ptr)
/usr/lib/gcc/arm-none-eabi/6.3.1/../../../arm-none-eabi/lib/thumb/v7-m/libc_nano.a(lib_a-init.o)
                              /usr/lib/gcc/arm-none-eabi/6.3.1/../../../arm-none-eabi/lib/thumb/v7-m/crt0.o (__libc_init_array)
/usr/lib/gcc/arm-none-eabi/6.3.1/../../../arm-none-eabi/lib/thumb/v7-m/libc_nano.a(lib_a-memcpy.o)
                              build/util.o (memcpy)
/usr/lib/gcc/arm-none-eabi/6.3.1/../../../arm-none-eabi/lib/thumb/v7-m/libc_nano.a(lib_a-memset.o)
                              /usr/lib/gcc/arm-none-eabi/6.3.1/../../../arm-none-eabi/lib/thumb/v7-m/crt0.o (memset)
/usr/lib/gcc/arm-none-eabi/6.3.1/../../../arm-none-eabi/lib/thumb/v7-m/libc_nano.a(lib_a-__atexit.o)
                              /usr/lib/gcc/arm-none-eabi/6.3.1/../../../arm-none-eabi/lib/thumb/v7-m/libc_nano.a(lib_a-atexit.o) (__register_exitproc)
/usr/lib/gcc/arm-none-eabi/6.3.1/../../../arm-none-eabi/lib/thumb/v7-m/libc_nano.a(lib_a-__call_atexit.o)
                              /usr/lib/gcc/arm-none-eabi/6.3.1/../../../arm-none-eabi/lib/thumb/v7-m/libc_nano.a(lib_a-__atexit.o) (__call_exitprocs)
/usr/lib/gcc/arm-none-eabi/6.3.1/../../../arm-none-eabi/lib/thumb/v7-m/libnosys.a(_exit.o)
                              /usr/lib/gcc/arm-none-eabi/6.3.1/../../../arm-none-eabi/lib/thumb/v7-m/libc_nano.a(lib_a-exit.o) (_exit)
/usr/lib/gcc/arm-none-eabi/6.3.1/thumb/v7-m/libgcc.a(_arm_addsubdf3.o)
                              build/hd44780.o (__aeabi_dsub)
/usr/lib/gcc/arm-none-eabi/6.3.1/thumb/v7-m/libgcc.a(_arm_muldivdf3.o)
                              build/hd44780.o (__aeabi_dmul)
/usr/lib/gcc/arm-none-eabi/6.3.1/thumb/v7-m/libgcc.a(_arm_cmpdf2.o)
                              build/hd44780.o (__aeabi_dcmplt)
/usr/lib/gcc/arm-none-eabi/6.3.1/thumb/v7-m/libgcc.a(_arm_fixdfsi.o)
                              build/hd44780.o (__aeabi_d2iz)
/usr/lib/gcc/arm-none-eabi/6.3.1/thumb/v7-m/libgcc.a(_arm_fixunsdfsi.o)
                              build/hd44780.o (__aeabi_d2uiz)

Allocating common symbols
Common symbol       size              file

hdma_usart2_rx      0x44              build/setup.o
hdma_usart3_rx      0x44              build/setup.o
huart3              0x40              build/setup.o
hadc2               0x30              build/setup.o
hi2c2               0x54              build/setup.o
main_loop_counter   0x4               build/main.o
speedAvg            0x2               build/util.o
htim_right          0x40              build/setup.o
backwardDrive       0x1               build/main.o
uwTick              0x4               build/stm32f1xx_hal.o
hdma_usart3_tx      0x44              build/setup.o
rtP_Right           0xfc              build/util.o
pFlash              0x20              build/stm32f1xx_hal_flash.o
TimHandle2          0x40              build/control.o
hdma_i2c2_rx        0x44              build/setup.o
rtY_Right           0x10              build/util.o
hdma_i2c2_tx        0x44              build/setup.o
hadc1               0x30              build/setup.o
hdma_usart2_tx      0x44              build/setup.o
rtDW_Left           0xa4              build/util.o
rtY_Left            0x10              build/util.o
rtU_Right           0xe               build/util.o
rtDW_Right          0xa4              build/util.o
rtU_Left            0xe               build/util.o
cmd2                0x2               build/util.o
adc_buffer          0x14              build/setup.o
rtM_Right_          0x10              build/util.o
huart2              0x40              build/setup.o
htim_left           0x40              build/setup.o
TimHandle           0x40              build/control.o
i2cBuffer           0x2               build/control.o
cmd1                0x2               build/util.o
speedAvgAbs         0x2               build/util.o
rtM_Left_           0x10              build/util.o

Discarded input sections

 .text          0x0000000000000000        0x0 /usr/lib/gcc/arm-none-eabi/6.3.1/thumb/v7-m/crti.o
[...]
Memory Configuration

Name             Origin             Length             Attributes
RAM              0x0000000020000000 0x000000000000c000 xrw
FLASH            0x0000000008000000 0x0000000000040000 xr
*default*        0x0000000000000000 0xffffffffffffffff

Linker script and memory map

LOAD /usr/lib/gcc/arm-none-eabi/6.3.1/thumb/v7-m/crti.o
LOAD /usr/lib/gcc/arm-none-eabi/6.3.1/thumb/v7-m/crtbegin.o
LOAD /usr/lib/gcc/arm-none-eabi/6.3.1/../../../arm-none-eabi/lib/thumb/v7-m/crt0.o
LOAD build/stm32f1xx_hal_flash.o
LOAD build/stm32f1xx_hal_pwr.o
LOAD build/stm32f1xx_hal_rcc.o
LOAD build/stm32f1xx_hal_tim.o
LOAD build/stm32f1xx_hal_tim_ex.o
LOAD build/stm32f1xx_hal_gpio_ex.o
LOAD build/stm32f1xx_hal_adc_ex.o
LOAD build/stm32f1xx_hal_cortex.o
LOAD build/stm32f1xx_hal_flash_ex.o
LOAD build/stm32f1xx_hal_gpio.o
LOAD build/stm32f1xx_hal_rcc_ex.o
LOAD build/stm32f1xx_hal.o
LOAD build/stm32f1xx_hal_adc.o
LOAD build/stm32f1xx_hal_uart.o
LOAD build/stm32f1xx_hal_i2c.o
LOAD build/stm32f1xx_hal_dma.o
LOAD build/system_stm32f1xx.o
LOAD build/setup.o
LOAD build/control.o
LOAD build/util.o
LOAD build/main.o
LOAD build/bldc.o
LOAD build/eeprom.o
LOAD build/hd44780.o
LOAD build/pcf8574.o
LOAD build/comms.o
LOAD build/stm32f1xx_it.o
LOAD build/BLDC_controller_data.o
LOAD build/BLDC_controller.o
LOAD build/startup_stm32f103xe.o
LOAD /usr/lib/gcc/arm-none-eabi/6.3.1/../../../arm-none-eabi/lib/thumb/v7-m/libc_nano.a
LOAD /usr/lib/gcc/arm-none-eabi/6.3.1/../../../arm-none-eabi/lib/thumb/v7-m/libm.a
LOAD /usr/lib/gcc/arm-none-eabi/6.3.1/../../../arm-none-eabi/lib/thumb/v7-m/libnosys.a
START GROUP
LOAD /usr/lib/gcc/arm-none-eabi/6.3.1/thumb/v7-m/libgcc.a
LOAD /usr/lib/gcc/arm-none-eabi/6.3.1/../../../arm-none-eabi/lib/thumb/v7-m/libc_nano.a
END GROUP
START GROUP
LOAD /usr/lib/gcc/arm-none-eabi/6.3.1/thumb/v7-m/libgcc.a
LOAD /usr/lib/gcc/arm-none-eabi/6.3.1/../../../arm-none-eabi/lib/thumb/v7-m/libc_nano.a
END GROUP
LOAD /usr/lib/gcc/arm-none-eabi/6.3.1/thumb/v7-m/crtend.o
LOAD /usr/lib/gcc/arm-none-eabi/6.3.1/thumb/v7-m/crtn.o
                0x000000002000c000                _estack = 0x2000c000
                0x0000000000000200                _Min_Heap_Size = 0x200
                0x0000000000000400                _Min_Stack_Size = 0x400

.isr_vector     0x0000000008000000      0x1e4
                0x0000000008000000                . = ALIGN (0x4)
 *(.isr_vector)
 .isr_vector    0x0000000008000000      0x1e4 build/startup_stm32f103xe.o
                0x0000000008000000                g_pfnVectors
                0x00000000080001e4                . = ALIGN (0x4)

.text           0x00000000080001e4     0x4b8c
                0x00000000080001e4                . = ALIGN (0x4)
 *(.text)
 .text          0x00000000080001e4       0xa4 /usr/lib/gcc/arm-none-eabi/6.3.1/thumb/v7-m/crtbegin.o
 .text          0x0000000008000288       0x50 /usr/lib/gcc/arm-none-eabi/6.3.1/../../../arm-none-eabi/lib/thumb/v7-m/libc_nano.a(lib_a-init.o)
                0x0000000008000288                __libc_init_array
 .text          0x00000000080002d8       0xec /usr/lib/gcc/arm-none-eabi/6.3.1/../../../arm-none-eabi/lib/thumb/v7-m/libc_nano.a(lib_a-memcpy.o)
                0x00000000080002d8                memcpy
 *(.text*)
 .text.RCC_Delay
                0x00000000080003c4       0x2c build/stm32f1xx_hal_rcc.o
 .text.HAL_RCC_OscConfig
                0x00000000080003f0      0x3e0 build/stm32f1xx_hal_rcc.o
                0x00000000080003f0                HAL_RCC_OscConfig
 .text.HAL_RCC_GetSysClockFreq
                0x00000000080007d0       0x6c build/stm32f1xx_hal_rcc.o
                0x00000000080007d0                HAL_RCC_GetSysClockFreq
 .text.HAL_RCC_ClockConfig
                0x000000000800083c      0x178 build/stm32f1xx_hal_rcc.o
                0x000000000800083c                HAL_RCC_ClockConfig
 .text.HAL_RCC_GetHCLKFreq
                0x00000000080009b4        0xc build/stm32f1xx_hal_rcc.o
                0x00000000080009b4                HAL_RCC_GetHCLKFreq
 .text.HAL_RCC_GetPCLK1Freq
                0x00000000080009c0       0x20 build/stm32f1xx_hal_rcc.o
                0x00000000080009c0                HAL_RCC_GetPCLK1Freq
 .text.HAL_RCC_GetPCLK2Freq
                0x00000000080009e0       0x20 build/stm32f1xx_hal_rcc.o
                0x00000000080009e0                HAL_RCC_GetPCLK2Freq
 .text.TIM_OC1_SetConfig
                0x0000000008000a00       0x6c build/stm32f1xx_hal_tim.o
 .text.TIM_OC3_SetConfig
                0x0000000008000a6c       0x74 build/stm32f1xx_hal_tim.o
 .text.TIM_OC4_SetConfig
                0x0000000008000ae0       0x50 build/stm32f1xx_hal_tim.o
 .text.TIM_TI1_ConfigInputStage
                0x0000000008000b30       0x24 build/stm32f1xx_hal_tim.o
 .text.TIM_TI2_ConfigInputStage
                0x0000000008000b54       0x26 build/stm32f1xx_hal_tim.o
 .text.TIM_ETR_SetConfig
                0x0000000008000b7a       0x16 build/stm32f1xx_hal_tim.o
 .text.TIM_SlaveTimer_SetConfig
                0x0000000008000b90       0x76 build/stm32f1xx_hal_tim.o
 .text.HAL_TIM_PWM_MspInit
                0x0000000008000c06        0x2 build/stm32f1xx_hal_tim.o
                0x0000000008000c06                HAL_TIM_PWM_MspInit
 .text.HAL_TIM_SlaveConfigSynchronization
                0x0000000008000c08       0x40 build/stm32f1xx_hal_tim.o
                0x0000000008000c08                HAL_TIM_SlaveConfigSynchronization
 .text.TIM_Base_SetConfig
                0x0000000008000c48       0x9c build/stm32f1xx_hal_tim.o
                0x0000000008000c48                TIM_Base_SetConfig
 .text.HAL_TIM_PWM_Init
                0x0000000008000ce4       0x32 build/stm32f1xx_hal_tim.o
                0x0000000008000ce4                HAL_TIM_PWM_Init
 *fill*         0x0000000008000d16        0x2 
 .text.TIM_OC2_SetConfig
                0x0000000008000d18       0x74 build/stm32f1xx_hal_tim.o
                0x0000000008000d18                TIM_OC2_SetConfig
 .text.HAL_TIM_PWM_ConfigChannel
                0x0000000008000d8c       0xdc build/stm32f1xx_hal_tim.o
                0x0000000008000d8c                HAL_TIM_PWM_ConfigChannel
 .text.TIM_CCxChannelCmd
                0x0000000008000e68       0x1c build/stm32f1xx_hal_tim.o
                0x0000000008000e68                TIM_CCxChannelCmd
 .text.HAL_TIM_PWM_Start
                0x0000000008000e84       0x44 build/stm32f1xx_hal_tim.o
                0x0000000008000e84                HAL_TIM_PWM_Start
 .text.TIM_CCxNChannelCmd
                0x0000000008000ec8       0x1c build/stm32f1xx_hal_tim_ex.o
 .text.HAL_TIMEx_PWMN_Start
                0x0000000008000ee4       0x24 build/stm32f1xx_hal_tim_ex.o
                0x0000000008000ee4                HAL_TIMEx_PWMN_Start
 .text.HAL_TIMEx_ConfigBreakDeadTime
                0x0000000008000f08       0x58 build/stm32f1xx_hal_tim_ex.o
                0x0000000008000f08                HAL_TIMEx_ConfigBreakDeadTime
 .text.HAL_TIMEx_MasterConfigSynchronization
                0x0000000008000f60       0x52 build/stm32f1xx_hal_tim_ex.o
                0x0000000008000f60                HAL_TIMEx_MasterConfigSynchronization
 *fill*         0x0000000008000fb2        0x2 
 .text.HAL_ADCEx_MultiModeConfigChannel
                0x0000000008000fb4       0x58 build/stm32f1xx_hal_adc_ex.o
                0x0000000008000fb4                HAL_ADCEx_MultiModeConfigChannel
 .text.HAL_NVIC_SetPriorityGrouping
                0x000000000800100c       0x24 build/stm32f1xx_hal_cortex.o
                0x000000000800100c                HAL_NVIC_SetPriorityGrouping
 .text.HAL_NVIC_SetPriority
                0x0000000008001030       0x64 build/stm32f1xx_hal_cortex.o
                0x0000000008001030                HAL_NVIC_SetPriority
 .text.HAL_NVIC_EnableIRQ
                0x0000000008001094       0x18 build/stm32f1xx_hal_cortex.o
                0x0000000008001094                HAL_NVIC_EnableIRQ
 .text.HAL_SYSTICK_Config
                0x00000000080010ac       0x2c build/stm32f1xx_hal_cortex.o
                0x00000000080010ac                HAL_SYSTICK_Config
 .text.HAL_SYSTICK_CLKSourceConfig
                0x00000000080010d8       0x20 build/stm32f1xx_hal_cortex.o
                0x00000000080010d8                HAL_SYSTICK_CLKSourceConfig
 .text.HAL_SYSTICK_Callback
                0x00000000080010f8        0x2 build/stm32f1xx_hal_cortex.o
                0x00000000080010f8                HAL_SYSTICK_Callback
 .text.HAL_SYSTICK_IRQHandler
                0x00000000080010fa        0x8 build/stm32f1xx_hal_cortex.o
                0x00000000080010fa                HAL_SYSTICK_IRQHandler
 *fill*         0x0000000008001102        0x2 
 .text.HAL_GPIO_Init
                0x0000000008001104      0x1fc build/stm32f1xx_hal_gpio.o
                0x0000000008001104                HAL_GPIO_Init
 .text.HAL_GPIO_ReadPin
                0x0000000008001300        0xe build/stm32f1xx_hal_gpio.o
                0x0000000008001300                HAL_GPIO_ReadPin
 .text.HAL_GPIO_WritePin
                0x000000000800130e        0xc build/stm32f1xx_hal_gpio.o
                0x000000000800130e                HAL_GPIO_WritePin
 .text.HAL_GPIO_TogglePin
                0x000000000800131a        0x8 build/stm32f1xx_hal_gpio.o
                0x000000000800131a                HAL_GPIO_TogglePin
 *fill*         0x0000000008001322        0x2 
 .text.HAL_RCCEx_PeriphCLKConfig
                0x0000000008001324      0x114 build/stm32f1xx_hal_rcc_ex.o
                0x0000000008001324                HAL_RCCEx_PeriphCLKConfig
 .text.HAL_MspInit
                0x0000000008001438        0x2 build/stm32f1xx_hal.o
                0x0000000008001438                HAL_MspInit
 *fill*         0x000000000800143a        0x2 
 .text.HAL_InitTick
                0x000000000800143c       0x2c build/stm32f1xx_hal.o
                0x000000000800143c                HAL_InitTick
 .text.HAL_Init
                0x0000000008001468       0x24 build/stm32f1xx_hal.o
                0x0000000008001468                HAL_Init
 .text.HAL_IncTick
                0x000000000800148c       0x10 build/stm32f1xx_hal.o
                0x000000000800148c                HAL_IncTick
 .text.HAL_GetTick
                0x000000000800149c        0xc build/stm32f1xx_hal.o
                0x000000000800149c                HAL_GetTick
 .text.HAL_Delay
                0x00000000080014a8       0x24 build/stm32f1xx_hal.o
                0x00000000080014a8                HAL_Delay
 .text.HAL_ADC_MspInit
                0x00000000080014cc        0x2 build/stm32f1xx_hal_adc.o
                0x00000000080014cc                HAL_ADC_MspInit
 *fill*         0x00000000080014ce        0x2 
 .text.HAL_ADC_ConfigChannel
                0x00000000080014d0      0x138 build/stm32f1xx_hal_adc.o
                0x00000000080014d0                HAL_ADC_ConfigChannel
 .text.ADC_Enable
                0x0000000008001608       0x80 build/stm32f1xx_hal_adc.o
                0x0000000008001608                ADC_Enable
 .text.HAL_ADC_Start
                0x0000000008001688       0xec build/stm32f1xx_hal_adc.o
                0x0000000008001688                HAL_ADC_Start
 .text.ADC_ConversionStop_Disable
                0x0000000008001774       0x4c build/stm32f1xx_hal_adc.o
                0x0000000008001774                ADC_ConversionStop_Disable
 .text.HAL_ADC_Init
                0x00000000080017c0      0x12c build/stm32f1xx_hal_adc.o
                0x00000000080017c0                HAL_ADC_Init
 .text.UART_EndTxTransfer
                0x00000000080018ec       0x12 build/stm32f1xx_hal_uart.o
 .text.UART_EndRxTransfer
                0x00000000080018fe       0x1c build/stm32f1xx_hal_uart.o
 .text.UART_Transmit_IT
                0x000000000800191a       0x6a build/stm32f1xx_hal_uart.o
 .text.UART_SetConfig
                0x0000000008001984      0x1b0 build/stm32f1xx_hal_uart.o
 .text.HAL_UART_Init
                0x0000000008001b34       0x5e build/stm32f1xx_hal_uart.o
                0x0000000008001b34                HAL_UART_Init
 *fill*         0x0000000008001b92        0x2 
 .text.HAL_UART_Transmit_DMA
                0x0000000008001b94       0x8c build/stm32f1xx_hal_uart.o
                0x0000000008001b94                HAL_UART_Transmit_DMA
 .text.HAL_UART_Receive_DMA
                0x0000000008001c20       0xa8 build/stm32f1xx_hal_uart.o
                0x0000000008001c20                HAL_UART_Receive_DMA
 .text.HAL_UART_TxCpltCallback
                0x0000000008001cc8        0x2 build/stm32f1xx_hal_uart.o
                0x0000000008001cc8                HAL_UART_TxCpltCallback
 .text.UART_DMATransmitCplt
                0x0000000008001cca       0x30 build/stm32f1xx_hal_uart.o
 .text.UART_EndTransmit_IT
                0x0000000008001cfa       0x1a build/stm32f1xx_hal_uart.o
 .text.HAL_UART_TxHalfCpltCallback
                0x0000000008001d14        0x2 build/stm32f1xx_hal_uart.o
                0x0000000008001d14                HAL_UART_TxHalfCpltCallback
 .text.UART_DMATxHalfCplt
                0x0000000008001d16        0xa build/stm32f1xx_hal_uart.o
 .text.HAL_UART_RxCpltCallback
                0x0000000008001d20        0x2 build/stm32f1xx_hal_uart.o
                0x0000000008001d20                HAL_UART_RxCpltCallback
 .text.UART_DMAReceiveCplt
                0x0000000008001d22       0x3e build/stm32f1xx_hal_uart.o
 .text.UART_Receive_IT
                0x0000000008001d60       0x9e build/stm32f1xx_hal_uart.o
 .text.HAL_UART_RxHalfCpltCallback
                0x0000000008001dfe        0x2 build/stm32f1xx_hal_uart.o
                0x0000000008001dfe                HAL_UART_RxHalfCpltCallback
 .text.UART_DMARxHalfCplt
                0x0000000008001e00        0xa build/stm32f1xx_hal_uart.o
 .text.HAL_UART_ErrorCallback
                0x0000000008001e0a        0x2 build/stm32f1xx_hal_uart.o
                0x0000000008001e0a                HAL_UART_ErrorCallback
 .text.UART_DMAError
                0x0000000008001e0c       0x58 build/stm32f1xx_hal_uart.o
 .text.HAL_UART_IRQHandler
                0x0000000008001e64      0x120 build/stm32f1xx_hal_uart.o
                0x0000000008001e64                HAL_UART_IRQHandler
 .text.UART_DMAAbortOnError
                0x0000000008001f84       0x10 build/stm32f1xx_hal_uart.o
 .text.DMA_SetConfig
                0x0000000008001f94       0x2c build/stm32f1xx_hal_dma.o
 .text.HAL_DMA_Init
                0x0000000008001fc0       0xa0 build/stm32f1xx_hal_dma.o
                0x0000000008001fc0                HAL_DMA_Init
 .text.HAL_DMA_Start_IT
                0x0000000008002060       0x74 build/stm32f1xx_hal_dma.o
                0x0000000008002060                HAL_DMA_Start_IT
 .text.HAL_DMA_Abort_IT
                0x00000000080020d4      0x15c build/stm32f1xx_hal_dma.o
                0x00000000080020d4                HAL_DMA_Abort_IT
 .text.HAL_DMA_IRQHandler
                0x0000000008002230      0x2d0 build/stm32f1xx_hal_dma.o
                0x0000000008002230                HAL_DMA_IRQHandler
 .text.SystemInit
                0x0000000008002500       0x4c build/system_stm32f1xx.o
                0x0000000008002500                SystemInit
 .text.UART3_Init
                0x000000000800254c       0x6c build/setup.o
                0x000000000800254c                UART3_Init
 .text.HAL_UART_MspInit
                0x00000000080025b8      0x1b8 build/setup.o
                0x00000000080025b8                HAL_UART_MspInit
 .text.MX_GPIO_Init
                0x0000000008002770      0x210 build/setup.o
                0x0000000008002770                MX_GPIO_Init
 .text.MX_TIM_Init
                0x0000000008002980      0x1f8 build/setup.o
                0x0000000008002980                MX_TIM_Init
 .text.MX_ADC1_Init
                0x0000000008002b78      0x130 build/setup.o
                0x0000000008002b78                MX_ADC1_Init
 .text.MX_ADC2_Init
                0x0000000008002ca8       0xb4 build/setup.o
                0x0000000008002ca8                MX_ADC2_Init
 .text.BLDC_Init
                0x0000000008002d5c       0xac build/util.o
                0x0000000008002d5c                BLDC_Init
 .text.Input_Lim_Init
                0x0000000008002e08       0x44 build/util.o
                0x0000000008002e08                Input_Lim_Init
 .text.UART_DisableRxErrors
                0x0000000008002e4c       0x16 build/util.o
                0x0000000008002e4c                UART_DisableRxErrors
 *fill*         0x0000000008002e62        0x2 
 .text.Input_Init
                0x0000000008002e64       0x24 build/util.o
                0x0000000008002e64                Input_Init
 .text.poweronMelody
                0x0000000008002e88       0x24 build/util.o
                0x0000000008002e88                poweronMelody
 .text.shortBeep
                0x0000000008002eac       0x18 build/util.o
                0x0000000008002eac                shortBeep
 .text.calcAvgSpeed
                0x0000000008002ec4       0x38 build/util.o
                0x0000000008002ec4                calcAvgSpeed
 .text.poweroff
                0x0000000008002efc       0x44 build/util.o
                0x0000000008002efc                poweroff
 .text.poweroffPressCheck
                0x0000000008002f40       0x2c build/util.o
                0x0000000008002f40                poweroffPressCheck
 .text.readCommand
                0x0000000008002f6c       0xb0 build/util.o
                0x0000000008002f6c                readCommand
 .text.usart_process_command
                0x000000000800301c       0x4c build/util.o
                0x000000000800301c                usart_process_command
 .text.usart3_rx_check
                0x0000000008003068       0x90 build/util.o
                0x0000000008003068                usart3_rx_check
 .text.filtLowPass32
                0x00000000080030f8       0x4c build/util.o
                0x00000000080030f8                filtLowPass32
 .text.rateLimiter16
                0x0000000008003144       0x20 build/util.o
                0x0000000008003144                rateLimiter16
 .text.mixerFcn
                0x0000000008003164       0x74 build/util.o
                0x0000000008003164                mixerFcn
 .text.SystemClock_Config
                0x00000000080031d8       0x74 build/main.o
                0x00000000080031d8                SystemClock_Config
 .text.main     0x000000000800324c      0x404 build/main.o
                0x000000000800324c                main
 .text.DMA1_Channel1_IRQHandler
                0x0000000008003650      0x458 build/bldc.o
                0x0000000008003650                DMA1_Channel1_IRQHandler
 .text.consoleLog
                0x0000000008003aa8        0x2 build/comms.o
                0x0000000008003aa8                consoleLog
 .text.NMI_Handler
                0x0000000008003aaa        0x2 build/stm32f1xx_it.o
                0x0000000008003aaa                NMI_Handler
 .text.HardFault_Handler
                0x0000000008003aac        0x2 build/stm32f1xx_it.o
                0x0000000008003aac                HardFault_Handler
 .text.MemManage_Handler
                0x0000000008003aae        0x2 build/stm32f1xx_it.o
                0x0000000008003aae                MemManage_Handler
 .text.BusFault_Handler
                0x0000000008003ab0        0x2 build/stm32f1xx_it.o
                0x0000000008003ab0                BusFault_Handler
 .text.UsageFault_Handler
                0x0000000008003ab2        0x2 build/stm32f1xx_it.o
                0x0000000008003ab2                UsageFault_Handler
 .text.SVC_Handler
                0x0000000008003ab4        0x2 build/stm32f1xx_it.o
                0x0000000008003ab4                SVC_Handler
 .text.DebugMon_Handler
                0x0000000008003ab6        0x2 build/stm32f1xx_it.o
                0x0000000008003ab6                DebugMon_Handler
 .text.PendSV_Handler
                0x0000000008003ab8        0x2 build/stm32f1xx_it.o
                0x0000000008003ab8                PendSV_Handler
 .text.SysTick_Handler
                0x0000000008003aba        0xc build/stm32f1xx_it.o
                0x0000000008003aba                SysTick_Handler
 *fill*         0x0000000008003ac6        0x2 
 .text.DMA1_Channel2_IRQHandler
                0x0000000008003ac8       0x10 build/stm32f1xx_it.o
                0x0000000008003ac8                DMA1_Channel2_IRQHandler
 .text.DMA1_Channel3_IRQHandler
                0x0000000008003ad8       0x10 build/stm32f1xx_it.o
                0x0000000008003ad8                DMA1_Channel3_IRQHandler
 .text.USART3_IRQHandler
                0x0000000008003ae8       0x34 build/stm32f1xx_it.o
                0x0000000008003ae8                USART3_IRQHandler
 .text.plook_u8s16_evencka
                0x0000000008003b1c       0x1c build/BLDC_controller.o
                0x0000000008003b1c                plook_u8s16_evencka
 .text.plook_u8u16_evencka
                0x0000000008003b38       0x1c build/BLDC_controller.o
                0x0000000008003b38                plook_u8u16_evencka
 .text.div_nde_s32_floor
                0x0000000008003b54       0x24 build/BLDC_controller.o
                0x0000000008003b54                div_nde_s32_floor
 .text.Counter_Init
                0x0000000008003b78        0x4 build/BLDC_controller.o
                0x0000000008003b78                Counter_Init
 .text.Counter  0x0000000008003b7c       0x1a build/BLDC_controller.o
                0x0000000008003b7c                Counter
 *fill*         0x0000000008003b96        0x2 
 .text.PI_clamp_fixdt
                0x0000000008003b98       0xdc build/BLDC_controller.o
                0x0000000008003b98                PI_clamp_fixdt
 .text.Low_Pass_Filter_Reset
                0x0000000008003c74        0x8 build/BLDC_controller.o
                0x0000000008003c74                Low_Pass_Filter_Reset
 .text.Low_Pass_Filter
                0x0000000008003c7c       0x5c build/BLDC_controller.o
                0x0000000008003c7c                Low_Pass_Filter
 .text.I_backCalc_fixdt_Init
                0x0000000008003cd8        0x4 build/BLDC_controller.o
                0x0000000008003cd8                I_backCalc_fixdt_Init
 .text.I_backCalc_fixdt
                0x0000000008003cdc       0x68 build/BLDC_controller.o
                0x0000000008003cdc                I_backCalc_fixdt
 .text.Counter_b_Init
                0x0000000008003d44        0x4 build/BLDC_controller.o
                0x0000000008003d44                Counter_b_Init
 .text.Counter_i
                0x0000000008003d48       0x18 build/BLDC_controller.o
                0x0000000008003d48                Counter_i
 .text.either_edge
                0x0000000008003d60        0xc build/BLDC_controller.o
                0x0000000008003d60                either_edge
 .text.Debounce_Filter_Init
                0x0000000008003d6c       0x16 build/BLDC_controller.o
                0x0000000008003d6c                Debounce_Filter_Init
 .text.Debounce_Filter
                0x0000000008003d82       0x58 build/BLDC_controller.o
                0x0000000008003d82                Debounce_Filter
 *fill*         0x0000000008003dda        0x2 
 .text.BLDC_controller_step
                0x0000000008003ddc      0xe9c build/BLDC_controller.o
                0x0000000008003ddc                BLDC_controller_step
 .text.BLDC_controller_initialize
                0x0000000008004c78       0x94 build/BLDC_controller.o
                0x0000000008004c78                BLDC_controller_initialize
 .text.Reset_Handler
                0x0000000008004d0c       0x48 build/startup_stm32f103xe.o
                0x0000000008004d0c                Reset_Handler
 .text.Default_Handler
                0x0000000008004d54        0x2 build/startup_stm32f103xe.o
                0x0000000008004d54                RTC_Alarm_IRQHandler
                0x0000000008004d54                EXTI2_IRQHandler
                0x0000000008004d54                TIM8_TRG_COM_IRQHandler
                0x0000000008004d54                TIM8_CC_IRQHandler
                0x0000000008004d54                TIM1_CC_IRQHandler
                0x0000000008004d54                TIM6_IRQHandler
                0x0000000008004d54                PVD_IRQHandler
                0x0000000008004d54                SDIO_IRQHandler
                0x0000000008004d54                EXTI3_IRQHandler
                0x0000000008004d54                EXTI0_IRQHandler
                0x0000000008004d54                I2C2_EV_IRQHandler
                0x0000000008004d54                ADC1_2_IRQHandler
                0x0000000008004d54                SPI1_IRQHandler
                0x0000000008004d54                TAMPER_IRQHandler
                0x0000000008004d54                TIM8_UP_IRQHandler
                0x0000000008004d54                DMA2_Channel2_IRQHandler
                0x0000000008004d54                DMA1_Channel4_IRQHandler
                0x0000000008004d54                RTC_IRQHandler
                0x0000000008004d54                DMA1_Channel7_IRQHandler
                0x0000000008004d54                CAN1_RX1_IRQHandler
                0x0000000008004d54                UART5_IRQHandler
                0x0000000008004d54                ADC3_IRQHandler
                0x0000000008004d54                TIM4_IRQHandler
                0x0000000008004d54                DMA2_Channel1_IRQHandler
                0x0000000008004d54                I2C1_EV_IRQHandler
                0x0000000008004d54                DMA1_Channel6_IRQHandler
                0x0000000008004d54                UART4_IRQHandler
                0x0000000008004d54                TIM3_IRQHandler
                0x0000000008004d54                RCC_IRQHandler
                0x0000000008004d54                TIM1_TRG_COM_IRQHandler
                0x0000000008004d54                Default_Handler
                0x0000000008004d54                EXTI15_10_IRQHandler
                0x0000000008004d54                TIM7_IRQHandler
                0x0000000008004d54                TIM5_IRQHandler
                0x0000000008004d54                EXTI9_5_IRQHandler
                0x0000000008004d54                SPI2_IRQHandler
                0x0000000008004d54                DMA1_Channel5_IRQHandler
                0x0000000008004d54                EXTI4_IRQHandler
                0x0000000008004d54                USB_LP_CAN1_RX0_IRQHandler
                0x0000000008004d54                USB_HP_CAN1_TX_IRQHandler
                0x0000000008004d54                FSMC_IRQHandler
                0x0000000008004d54                TIM1_UP_IRQHandler
                0x0000000008004d54                WWDG_IRQHandler
                0x0000000008004d54                TIM2_IRQHandler
                0x0000000008004d54                TIM1_BRK_IRQHandler
                0x0000000008004d54                EXTI1_IRQHandler
                0x0000000008004d54                DMA2_Channel4_5_IRQHandler
                0x0000000008004d54                USART2_IRQHandler
                0x0000000008004d54                I2C2_ER_IRQHandler
                0x0000000008004d54                TIM8_BRK_IRQHandler
                0x0000000008004d54                CAN1_SCE_IRQHandler
                0x0000000008004d54                FLASH_IRQHandler
                0x0000000008004d54                USART1_IRQHandler
                0x0000000008004d54                SPI3_IRQHandler
                0x0000000008004d54                I2C1_ER_IRQHandler
                0x0000000008004d54                USBWakeUp_IRQHandler
                0x0000000008004d54                DMA2_Channel3_IRQHandler
 *(.glue_7)
 .glue_7        0x0000000008004d56        0x0 linker stubs
 *(.glue_7t)
 .glue_7t       0x0000000008004d56        0x0 linker stubs
 *(.eh_frame)
 *fill*         0x0000000008004d56        0x2 
 .eh_frame      0x0000000008004d58        0x0 /usr/lib/gcc/arm-none-eabi/6.3.1/thumb/v7-m/crtbegin.o
 *(.init)
 .init          0x0000000008004d58        0x4 /usr/lib/gcc/arm-none-eabi/6.3.1/thumb/v7-m/crti.o
                0x0000000008004d58                _init
 .init          0x0000000008004d5c        0x8 /usr/lib/gcc/arm-none-eabi/6.3.1/thumb/v7-m/crtn.o
 *(.fini)
 .fini          0x0000000008004d64        0x4 /usr/lib/gcc/arm-none-eabi/6.3.1/thumb/v7-m/crti.o
                0x0000000008004d64                _fini
 .fini          0x0000000008004d68        0x8 /usr/lib/gcc/arm-none-eabi/6.3.1/thumb/v7-m/crtn.o
                0x0000000008004d70                . = ALIGN (0x4)
                0x0000000008004d70                _etext = .

.vfp11_veneer   0x0000000008004d70        0x0
 .vfp11_veneer  0x0000000008004d70        0x0 linker stubs

.v4_bx          0x0000000008004d70        0x0
 .v4_bx         0x0000000008004d70        0x0 linker stubs

.iplt           0x0000000008004d70        0x0
 .iplt          0x0000000008004d70        0x0 /usr/lib/gcc/arm-none-eabi/6.3.1/thumb/v7-m/crtbegin.o

.rodata         0x0000000008004d70      0x7f4
                0x0000000008004d70                . = ALIGN (0x4)
 *(.rodata)
 .rodata        0x0000000008004d70       0x12 build/stm32f1xx_hal_rcc.o
 *(.rodata*)
 *fill*         0x0000000008004d82        0x2 
 .rodata.AHBPrescTable
                0x0000000008004d84       0x10 build/system_stm32f1xx.o
                0x0000000008004d84                AHBPrescTable
 .rodata.APBPrescTable
                0x0000000008004d94        0x8 build/system_stm32f1xx.o
                0x0000000008004d94                APBPrescTable
 .rodata.poweroff.str1.4
                0x0000000008004d9c       0x18 build/util.o
 .rodata.rtM_Left
                0x0000000008004db4        0x4 build/util.o
                0x0000000008004db4                rtM_Left
 .rodata.rtM_Right
                0x0000000008004db8        0x4 build/util.o
                0x0000000008004db8                rtM_Right
 .rodata.main.str1.4
                0x0000000008004dbc       0x18 build/main.o
                                         0x17 (size before relaxing)
 .rodata.rtConstP
                0x0000000008004dd4      0x790 build/BLDC_controller_data.o
                0x0000000008004dd4                rtConstP
                0x0000000008005564                . = ALIGN (0x4)

.rel.dyn        0x0000000008005564        0x0
 .rel.iplt      0x0000000008005564        0x0 /usr/lib/gcc/arm-none-eabi/6.3.1/thumb/v7-m/crtbegin.o

.ARM.extab
 *(.ARM.extab* .gnu.linkonce.armextab.*)

.ARM            0x0000000008005564        0x0
                0x0000000008005564                __exidx_start = .
 *(.ARM.exidx*)
                0x0000000008005564                __exidx_end = .

.preinit_array  0x0000000008005564        0x0
                0x0000000008005564                PROVIDE (__preinit_array_start, .)
 *(.preinit_array*)
                0x0000000008005564                PROVIDE (__preinit_array_end, .)

.init_array     0x0000000008005564        0x4
                0x0000000008005564                PROVIDE (__init_array_start, .)
 *(SORT(.init_array.*))
 *(.init_array*)
 .init_array    0x0000000008005564        0x4 /usr/lib/gcc/arm-none-eabi/6.3.1/thumb/v7-m/crtbegin.o
                0x0000000008005568                PROVIDE (__init_array_end, .)

.fini_array     0x0000000008005568        0x4
                0x0000000008005568                PROVIDE (__fini_array_start, .)
 *(SORT(.fini_array.*))
 *(.fini_array*)
 .fini_array    0x0000000008005568        0x4 /usr/lib/gcc/arm-none-eabi/6.3.1/thumb/v7-m/crtbegin.o
                0x000000000800556c                PROVIDE (__fini_array_end, .)
                0x000000000800556c                _sidata = LOADADDR (.data)

.data           0x0000000020000000      0x114 load address 0x000000000800556c
                0x0000000020000000                . = ALIGN (0x4)
                0x0000000020000000                _sdata = .
 *(.data)
 *(.data*)
 .data.SystemCoreClock
                0x0000000020000000        0x4 build/system_stm32f1xx.o
                0x0000000020000000                SystemCoreClock
 .data.ctrlModReq
                0x0000000020000004        0x1 build/util.o
                0x0000000020000004                ctrlModReq
 .data.ctrlModReqRaw
                0x0000000020000005        0x1 build/util.o
                0x0000000020000005                ctrlModReqRaw
 .data.batVoltage
                0x0000000020000006        0x2 build/bldc.o
                0x0000000020000006                batVoltage
 .data.batVoltageFixdt
                0x0000000020000008        0x4 build/bldc.o
 .data.offsetdcl
                0x000000002000000c        0x2 build/bldc.o
 .data.offsetdcr
                0x000000002000000e        0x2 build/bldc.o
 .data.offsetrlA
                0x0000000020000010        0x2 build/bldc.o
 .data.offsetrlB
                0x0000000020000012        0x2 build/bldc.o
 .data.offsetrrB
                0x0000000020000014        0x2 build/bldc.o
 .data.offsetrrC
                0x0000000020000016        0x2 build/bldc.o
 .data.rtP_Left
                0x0000000020000018       0xfc build/BLDC_controller_data.o
                0x0000000020000018                rtP_Left
                0x0000000020000114                . = ALIGN (0x4)
                0x0000000020000114                _edata = .

.jcr            0x0000000020000114        0x0 load address 0x0000000008005680
 .jcr           0x0000000020000114        0x0 /usr/lib/gcc/arm-none-eabi/6.3.1/thumb/v7-m/crtbegin.o

.tm_clone_table
                0x0000000020000114        0x0 load address 0x0000000008005680
 .tm_clone_table
                0x0000000020000114        0x0 /usr/lib/gcc/arm-none-eabi/6.3.1/thumb/v7-m/crtbegin.o
 .tm_clone_table
                0x0000000020000114        0x0 /usr/lib/gcc/arm-none-eabi/6.3.1/thumb/v7-m/crtend.o

.igot.plt       0x0000000020000114        0x0 load address 0x0000000008005680
 .igot.plt      0x0000000020000114        0x0 /usr/lib/gcc/arm-none-eabi/6.3.1/thumb/v7-m/crtbegin.o
                0x0000000020000114                . = ALIGN (0x4)

.bss            0x0000000020000114      0x6e0 load address 0x0000000008005680
                0x0000000020000114                _sbss = .
                0x0000000020000114                __bss_start__ = _sbss
 *(.bss)
 .bss           0x0000000020000114       0x1c /usr/lib/gcc/arm-none-eabi/6.3.1/thumb/v7-m/crtbegin.o
 *(.bss*)
 .bss.timeoutCnt
                0x0000000020000130        0x4 build/control.o
                0x0000000020000130                timeoutCnt
 .bss.INPUT_MAX
                0x0000000020000134        0x2 build/util.o
 .bss.INPUT_MIN
                0x0000000020000136        0x2 build/util.o
 .bss.command   0x0000000020000138        0x8 build/util.o
 .bss.command_raw
                0x0000000020000140        0x8 build/util.o
 .bss.old_pos.8378
                0x0000000020000148        0x4 build/util.o
 .bss.rx_buffer_R
                0x000000002000014c       0x40 build/util.o
 .bss.timeoutCntSerial_R
                0x000000002000018c        0x2 build/util.o
 .bss.timeoutFlagADC
                0x000000002000018e        0x1 build/util.o
                0x000000002000018e                timeoutFlagADC
 .bss.timeoutFlagSerial
                0x000000002000018f        0x1 build/util.o
                0x000000002000018f                timeoutFlagSerial
 .bss.timeoutFlagSerial_R
                0x0000000020000190        0x1 build/util.o
 *fill*         0x0000000020000191        0x3 
 .bss.Feedback  0x0000000020000194       0x12 build/main.o
 *fill*         0x00000000200001a6        0x2 
 .bss.inactivity_timeout_counter
                0x00000000200001a8        0x4 build/main.o
 .bss.speedFixdt
                0x00000000200001ac        0x4 build/main.o
 .bss.speedRateFixdt
                0x00000000200001b0        0x2 build/main.o
 *fill*         0x00000000200001b2        0x2 
 .bss.steerFixdt
                0x00000000200001b4        0x4 build/main.o
 .bss.steerRateFixdt
                0x00000000200001b8        0x2 build/main.o
 .bss.OverrunFlag.7706
                0x00000000200001ba        0x1 build/bldc.o
 .bss.buzzerFreq
                0x00000000200001bb        0x1 build/bldc.o
                0x00000000200001bb                buzzerFreq
 .bss.buzzerPattern
                0x00000000200001bc        0x1 build/bldc.o
                0x00000000200001bc                buzzerPattern
 *fill*         0x00000000200001bd        0x3 
 .bss.buzzerTimer
                0x00000000200001c0        0x4 build/bldc.o
 .bss.curL_DC   0x00000000200001c4        0x2 build/bldc.o
                0x00000000200001c4                curL_DC
 .bss.curL_phaA
                0x00000000200001c6        0x2 build/bldc.o
                0x00000000200001c6                curL_phaA
 .bss.curL_phaB
                0x00000000200001c8        0x2 build/bldc.o
                0x00000000200001c8                curL_phaB
 .bss.curR_DC   0x00000000200001ca        0x2 build/bldc.o
                0x00000000200001ca                curR_DC
 .bss.curR_phaB
                0x00000000200001cc        0x2 build/bldc.o
                0x00000000200001cc                curR_phaB
 .bss.curR_phaC
                0x00000000200001ce        0x2 build/bldc.o
                0x00000000200001ce                curR_phaC
 .bss.enable    0x00000000200001d0        0x1 build/bldc.o
                0x00000000200001d0                enable
 .bss.enableFin
                0x00000000200001d1        0x1 build/bldc.o
 .bss.offsetcount
                0x00000000200001d2        0x2 build/bldc.o
 .bss.pwml      0x00000000200001d4        0x4 build/bldc.o
                0x00000000200001d4                pwml
 .bss.pwmr      0x00000000200001d8        0x4 build/bldc.o
                0x00000000200001d8                pwmr
 *(COMMON)
 COMMON         0x00000000200001dc        0x4 build/stm32f1xx_hal.o
                0x00000000200001dc                uwTick
 COMMON         0x00000000200001e0      0x360 build/setup.o
                0x00000000200001e0                hdma_usart2_rx
                0x0000000020000224                hdma_usart3_rx
                0x0000000020000268                huart3
                0x00000000200002a8                hadc2
                0x00000000200002d8                hi2c2
                0x000000002000032c                htim_right
                0x000000002000036c                hdma_usart3_tx
                0x00000000200003b0                hdma_i2c2_rx
                0x00000000200003f4                hdma_i2c2_tx
                0x0000000020000438                hadc1
                0x0000000020000468                hdma_usart2_tx
                0x00000000200004ac                adc_buffer
                0x00000000200004c0                huart2
                0x0000000020000500                htim_left
 COMMON         0x0000000020000540      0x2ac build/util.o
                0x0000000020000540                speedAvg
                0x0000000020000544                rtP_Right
                0x0000000020000640                rtY_Right
                0x0000000020000650                rtDW_Left
                0x00000000200006f4                rtY_Left
                0x0000000020000704                rtU_Right
                0x0000000020000714                rtDW_Right
                0x00000000200007b8                rtU_Left
                0x00000000200007c6                cmd2
                0x00000000200007c8                rtM_Right_
                0x00000000200007d8                cmd1
                0x00000000200007da                speedAvgAbs
                0x00000000200007dc                rtM_Left_
 COMMON         0x00000000200007ec        0x5 build/main.o
                0x00000000200007ec                main_loop_counter
                0x00000000200007f0                backwardDrive
                0x00000000200007f4                . = ALIGN (0x4)
 *fill*         0x00000000200007f1        0x3 
                0x00000000200007f4                _ebss = .
                0x00000000200007f4                __bss_end__ = _ebss

._user_heap_stack
                0x00000000200007f4      0x604 load address 0x0000000008005680
                0x00000000200007f8                . = ALIGN (0x8)
 *fill*         0x00000000200007f4        0x4 
                [!provide]                        PROVIDE (end, .)
                [!provide]                        PROVIDE (_end, .)
                0x00000000200009f8                . = (. + _Min_Heap_Size)
 *fill*         0x00000000200007f8      0x200 
                0x0000000020000df8                . = (. + _Min_Stack_Size)
 *fill*         0x00000000200009f8      0x400 
                0x0000000020000df8                . = ALIGN (0x8)

/DISCARD/
 libc.a(*)
 libm.a(*)
 libgcc.a(*)

.ARM.attributes
                0x0000000000000000       0x29
 *(.ARM.attributes)
 .ARM.attributes
                0x0000000000000000       0x1d /usr/lib/gcc/arm-none-eabi/6.3.1/thumb/v7-m/crti.o
 .ARM.attributes
                0x000000000000001d       0x2d /usr/lib/gcc/arm-none-eabi/6.3.1/thumb/v7-m/crtbegin.o
 .ARM.attributes
                0x000000000000004a       0x33 build/stm32f1xx_hal_rcc.o
 .ARM.attributes
                0x000000000000007d       0x33 build/stm32f1xx_hal_tim.o
 .ARM.attributes
                0x00000000000000b0       0x33 build/stm32f1xx_hal_tim_ex.o
 .ARM.attributes
                0x00000000000000e3       0x33 build/stm32f1xx_hal_adc_ex.o
 .ARM.attributes
                0x0000000000000116       0x33 build/stm32f1xx_hal_cortex.o
 .ARM.attributes
                0x0000000000000149       0x33 build/stm32f1xx_hal_gpio.o
 .ARM.attributes
                0x000000000000017c       0x33 build/stm32f1xx_hal_rcc_ex.o
 .ARM.attributes
                0x00000000000001af       0x33 build/stm32f1xx_hal.o
 .ARM.attributes
                0x00000000000001e2       0x33 build/stm32f1xx_hal_adc.o
 .ARM.attributes
                0x0000000000000215       0x33 build/stm32f1xx_hal_uart.o
 .ARM.attributes
                0x0000000000000248       0x33 build/stm32f1xx_hal_dma.o
 .ARM.attributes
                0x000000000000027b       0x33 build/system_stm32f1xx.o
 .ARM.attributes
                0x00000000000002ae       0x33 build/setup.o
 .ARM.attributes
                0x00000000000002e1       0x33 build/control.o
 .ARM.attributes
                0x0000000000000314       0x33 build/util.o
 .ARM.attributes
                0x0000000000000347       0x33 build/main.o
 .ARM.attributes
                0x000000000000037a       0x33 build/bldc.o
 .ARM.attributes
                0x00000000000003ad       0x33 build/comms.o
 .ARM.attributes
                0x00000000000003e0       0x33 build/stm32f1xx_it.o
 .ARM.attributes
                0x0000000000000413       0x33 build/BLDC_controller_data.o
 .ARM.attributes
                0x0000000000000446       0x33 build/BLDC_controller.o
 .ARM.attributes
                0x0000000000000479       0x21 build/startup_stm32f103xe.o
 .ARM.attributes
                0x000000000000049a       0x2d /usr/lib/gcc/arm-none-eabi/6.3.1/../../../arm-none-eabi/lib/thumb/v7-m/libc_nano.a(lib_a-init.o)
 .ARM.attributes
                0x00000000000004c7       0x1b /usr/lib/gcc/arm-none-eabi/6.3.1/../../../arm-none-eabi/lib/thumb/v7-m/libc_nano.a(lib_a-memcpy.o)
 .ARM.attributes
                0x00000000000004e2       0x2d /usr/lib/gcc/arm-none-eabi/6.3.1/thumb/v7-m/crtend.o
 .ARM.attributes
                0x000000000000050f       0x1d /usr/lib/gcc/arm-none-eabi/6.3.1/thumb/v7-m/crtn.o
OUTPUT(build/hover.elf elf32-littlearm)

.comment        0x0000000000000000       0x31
 .comment       0x0000000000000000       0x31 /usr/lib/gcc/arm-none-eabi/6.3.1/thumb/v7-m/crtbegin.o
                                         0x32 (size before relaxing)
 .comment       0x0000000000000031       0x32 build/stm32f1xx_hal_rcc.o
 .comment       0x0000000000000031       0x32 build/stm32f1xx_hal_tim.o
 .comment       0x0000000000000031       0x32 build/stm32f1xx_hal_tim_ex.o
 .comment       0x0000000000000031       0x32 build/stm32f1xx_hal_adc_ex.o
 .comment       0x0000000000000031       0x32 build/stm32f1xx_hal_cortex.o
 .comment       0x0000000000000031       0x32 build/stm32f1xx_hal_gpio.o
 .comment       0x0000000000000031       0x32 build/stm32f1xx_hal_rcc_ex.o
 .comment       0x0000000000000031       0x32 build/stm32f1xx_hal.o
 .comment       0x0000000000000031       0x32 build/stm32f1xx_hal_adc.o
 .comment       0x0000000000000031       0x32 build/stm32f1xx_hal_uart.o
 .comment       0x0000000000000031       0x32 build/stm32f1xx_hal_dma.o
 .comment       0x0000000000000031       0x32 build/system_stm32f1xx.o
 .comment       0x0000000000000031       0x32 build/setup.o
 .comment       0x0000000000000031       0x32 build/control.o
 .comment       0x0000000000000031       0x32 build/util.o
 .comment       0x0000000000000031       0x32 build/main.o
 .comment       0x0000000000000031       0x32 build/bldc.o
 .comment       0x0000000000000031       0x32 build/comms.o
 .comment       0x0000000000000031       0x32 build/stm32f1xx_it.o
 .comment       0x0000000000000031       0x32 build/BLDC_controller_data.o
 .comment       0x0000000000000031       0x32 build/BLDC_controller.o
 .comment       0x0000000000000031       0x32 /usr/lib/gcc/arm-none-eabi/6.3.1/../../../arm-none-eabi/lib/thumb/v7-m/libc_nano.a(lib_a-init.o)
 .comment       0x0000000000000031       0x32 /usr/lib/gcc/arm-none-eabi/6.3.1/thumb/v7-m/crtend.o

.debug_info     0x0000000000000000    0x2033b
 .debug_info    0x0000000000000000     0x12fb build/stm32f1xx_hal_rcc.o
 .debug_info    0x00000000000012fb     0x39dc build/stm32f1xx_hal_tim.o
 .debug_info    0x0000000000004cd7     0x1cf5 build/stm32f1xx_hal_tim_ex.o
 .debug_info    0x00000000000069cc     0x14f4 build/stm32f1xx_hal_adc_ex.o
 .debug_info    0x0000000000007ec0     0x164f build/stm32f1xx_hal_cortex.o
 .debug_info    0x000000000000950f      0xfbf build/stm32f1xx_hal_gpio.o
 .debug_info    0x000000000000a4ce      0xdab build/stm32f1xx_hal_rcc_ex.o
 .debug_info    0x000000000000b279     0x10a9 build/stm32f1xx_hal.o
 .debug_info    0x000000000000c322     0x17fa build/stm32f1xx_hal_adc.o
 .debug_info    0x000000000000db1c     0x20b0 build/stm32f1xx_hal_uart.o
 .debug_info    0x000000000000fbcc     0x1157 build/stm32f1xx_hal_dma.o
 .debug_info    0x0000000000010d23      0xd32 build/system_stm32f1xx.o
 .debug_info    0x0000000000011a55     0x2cc7 build/setup.o
 .debug_info    0x000000000001471c     0x1476 build/control.o
 .debug_info    0x0000000000015b92     0x285a build/util.o
 .debug_info    0x00000000000183ec     0x2553 build/main.o
 .debug_info    0x000000000001a93f     0x1aa3 build/bldc.o
 .debug_info    0x000000000001c3e2      0xf82 build/comms.o
 .debug_info    0x000000000001d364     0x1395 build/stm32f1xx_it.o
 .debug_info    0x000000000001e6f9      0x408 build/BLDC_controller_data.o
 .debug_info    0x000000000001eb01     0x15d1 build/BLDC_controller.o
 .debug_info    0x00000000000200d2       0x8c build/startup_stm32f103xe.o
 .debug_info    0x000000000002015e      0x110 /usr/lib/gcc/arm-none-eabi/6.3.1/../../../arm-none-eabi/lib/thumb/v7-m/libc_nano.a(lib_a-init.o)
 .debug_info    0x000000000002026e       0xcd /usr/lib/gcc/arm-none-eabi/6.3.1/../../../arm-none-eabi/lib/thumb/v7-m/libc_nano.a(lib_a-memcpy.o)

.debug_abbrev   0x0000000000000000     0x3879
 .debug_abbrev  0x0000000000000000      0x314 build/stm32f1xx_hal_rcc.o
 .debug_abbrev  0x0000000000000314      0x312 build/stm32f1xx_hal_tim.o
 .debug_abbrev  0x0000000000000626      0x2eb build/stm32f1xx_hal_tim_ex.o
 .debug_abbrev  0x0000000000000911      0x2c6 build/stm32f1xx_hal_adc_ex.o
 .debug_abbrev  0x0000000000000bd7      0x3c8 build/stm32f1xx_hal_cortex.o
 .debug_abbrev  0x0000000000000f9f      0x2b3 build/stm32f1xx_hal_gpio.o
 .debug_abbrev  0x0000000000001252      0x28b build/stm32f1xx_hal_rcc_ex.o
 .debug_abbrev  0x00000000000014dd      0x2d8 build/stm32f1xx_hal.o
 .debug_abbrev  0x00000000000017b5      0x2a4 build/stm32f1xx_hal_adc.o
 .debug_abbrev  0x0000000000001a59      0x32d build/stm32f1xx_hal_uart.o
 .debug_abbrev  0x0000000000001d86      0x2e5 build/stm32f1xx_hal_dma.o
 .debug_abbrev  0x000000000000206b      0x1fe build/system_stm32f1xx.o
 .debug_abbrev  0x0000000000002269      0x291 build/setup.o
 .debug_abbrev  0x00000000000024fa      0x22f build/control.o
 .debug_abbrev  0x0000000000002729      0x382 build/util.o
 .debug_abbrev  0x0000000000002aab      0x2b8 build/main.o
 .debug_abbrev  0x0000000000002d63      0x28a build/bldc.o
 .debug_abbrev  0x0000000000002fed      0x20f build/comms.o
 .debug_abbrev  0x00000000000031fc      0x24f build/stm32f1xx_it.o
 .debug_abbrev  0x000000000000344b       0xc2 build/BLDC_controller_data.o
 .debug_abbrev  0x000000000000350d      0x28c build/BLDC_controller.o
 .debug_abbrev  0x0000000000003799       0x12 build/startup_stm32f103xe.o
 .debug_abbrev  0x00000000000037ab       0xba /usr/lib/gcc/arm-none-eabi/6.3.1/../../../arm-none-eabi/lib/thumb/v7-m/libc_nano.a(lib_a-init.o)
 .debug_abbrev  0x0000000000003865       0x14 /usr/lib/gcc/arm-none-eabi/6.3.1/../../../arm-none-eabi/lib/thumb/v7-m/libc_nano.a(lib_a-memcpy.o)

.debug_loc      0x0000000000000000     0xc918
 .debug_loc     0x0000000000000000      0x5e3 build/stm32f1xx_hal_rcc.o
 .debug_loc     0x00000000000005e3     0x3f3b build/stm32f1xx_hal_tim.o
 .debug_loc     0x000000000000451e     0x12ec build/stm32f1xx_hal_tim_ex.o
 .debug_loc     0x000000000000580a      0x96c build/stm32f1xx_hal_adc_ex.o
 .debug_loc     0x0000000000006176      0x63d build/stm32f1xx_hal_cortex.o
 .debug_loc     0x00000000000067b3      0x4df build/stm32f1xx_hal_gpio.o
 .debug_loc     0x0000000000006c92      0x39e build/stm32f1xx_hal_rcc_ex.o
 .debug_loc     0x0000000000007030      0x101 build/stm32f1xx_hal.o
 .debug_loc     0x0000000000007131      0xc2e build/stm32f1xx_hal_adc.o
 .debug_loc     0x0000000000007d5f     0x19c9 build/stm32f1xx_hal_uart.o
 .debug_loc     0x0000000000009728      0x834 build/stm32f1xx_hal_dma.o
 .debug_loc     0x0000000000009f5c       0xdf build/system_stm32f1xx.o
 .debug_loc     0x000000000000a03b      0x24b build/setup.o
 .debug_loc     0x000000000000a286       0xc0 build/control.o
 .debug_loc     0x000000000000a346      0x774 build/util.o
 .debug_loc     0x000000000000aaba      0x11f build/main.o
 .debug_loc     0x000000000000abd9      0x2d4 build/bldc.o
 .debug_loc     0x000000000000aead       0xa4 build/stm32f1xx_it.o
 .debug_loc     0x000000000000af51     0x1919 build/BLDC_controller.o
 .debug_loc     0x000000000000c86a       0xae /usr/lib/gcc/arm-none-eabi/6.3.1/../../../arm-none-eabi/lib/thumb/v7-m/libc_nano.a(lib_a-init.o)

.debug_aranges  0x0000000000000000      0xe70
 .debug_aranges
                0x0000000000000000       0x90 build/stm32f1xx_hal_rcc.o
 .debug_aranges
                0x0000000000000090      0x368 build/stm32f1xx_hal_tim.o
 .debug_aranges
                0x00000000000003f8      0x138 build/stm32f1xx_hal_tim_ex.o
 .debug_aranges
                0x0000000000000530       0x80 build/stm32f1xx_hal_adc_ex.o
 .debug_aranges
                0x00000000000005b0       0x90 build/stm32f1xx_hal_cortex.o
 .debug_aranges
                0x0000000000000640       0x58 build/stm32f1xx_hal_gpio.o
 .debug_aranges
                0x0000000000000698       0x30 build/stm32f1xx_hal_rcc_ex.o
 .debug_aranges
                0x00000000000006c8       0xb8 build/stm32f1xx_hal.o
 .debug_aranges
                0x0000000000000780       0xf0 build/stm32f1xx_hal_adc.o
 .debug_aranges
                0x0000000000000870      0x1d0 build/stm32f1xx_hal_uart.o
 .debug_aranges
                0x0000000000000a40       0x80 build/stm32f1xx_hal_dma.o
 .debug_aranges
                0x0000000000000ac0       0x28 build/system_stm32f1xx.o
 .debug_aranges
                0x0000000000000ae8       0x58 build/setup.o
 .debug_aranges
                0x0000000000000b40       0x30 build/control.o
 .debug_aranges
                0x0000000000000b70       0xf0 build/util.o
 .debug_aranges
                0x0000000000000c60       0x28 build/main.o
 .debug_aranges
                0x0000000000000c88       0x20 build/bldc.o
 .debug_aranges
                0x0000000000000ca8       0x30 build/comms.o
 .debug_aranges
                0x0000000000000cd8       0x78 build/stm32f1xx_it.o
 .debug_aranges
                0x0000000000000d50       0x18 build/BLDC_controller_data.o
 .debug_aranges
                0x0000000000000d68       0xa0 build/BLDC_controller.o
 .debug_aranges
                0x0000000000000e08       0x28 build/startup_stm32f103xe.o
 .debug_aranges
                0x0000000000000e30       0x20 /usr/lib/gcc/arm-none-eabi/6.3.1/../../../arm-none-eabi/lib/thumb/v7-m/libc_nano.a(lib_a-init.o)
 .debug_aranges
                0x0000000000000e50       0x20 /usr/lib/gcc/arm-none-eabi/6.3.1/../../../arm-none-eabi/lib/thumb/v7-m/libc_nano.a(lib_a-memcpy.o)

.debug_ranges   0x0000000000000000      0xd68
 .debug_ranges  0x0000000000000000       0xa0 build/stm32f1xx_hal_rcc.o
 .debug_ranges  0x00000000000000a0      0x358 build/stm32f1xx_hal_tim.o
 .debug_ranges  0x00000000000003f8      0x128 build/stm32f1xx_hal_tim_ex.o
 .debug_ranges  0x0000000000000520       0x70 build/stm32f1xx_hal_adc_ex.o
 .debug_ranges  0x0000000000000590       0xe0 build/stm32f1xx_hal_cortex.o
 .debug_ranges  0x0000000000000670       0x48 build/stm32f1xx_hal_gpio.o
 .debug_ranges  0x00000000000006b8       0x38 build/stm32f1xx_hal_rcc_ex.o
 .debug_ranges  0x00000000000006f0       0xa8 build/stm32f1xx_hal.o
 .debug_ranges  0x0000000000000798       0xe0 build/stm32f1xx_hal_adc.o
 .debug_ranges  0x0000000000000878      0x1c0 build/stm32f1xx_hal_uart.o
 .debug_ranges  0x0000000000000a38       0x70 build/stm32f1xx_hal_dma.o
 .debug_ranges  0x0000000000000aa8       0x18 build/system_stm32f1xx.o
 .debug_ranges  0x0000000000000ac0       0x48 build/setup.o
 .debug_ranges  0x0000000000000b08       0x20 build/control.o
 .debug_ranges  0x0000000000000b28       0xe0 build/util.o
 .debug_ranges  0x0000000000000c08       0x18 build/main.o
 .debug_ranges  0x0000000000000c20       0x10 build/bldc.o
 .debug_ranges  0x0000000000000c30       0x20 build/comms.o
 .debug_ranges  0x0000000000000c50       0x68 build/stm32f1xx_it.o
 .debug_ranges  0x0000000000000cb8       0x90 build/BLDC_controller.o
 .debug_ranges  0x0000000000000d48       0x20 build/startup_stm32f103xe.o

.debug_line     0x0000000000000000     0x6f76
 .debug_line    0x0000000000000000      0x4c8 build/stm32f1xx_hal_rcc.o
 .debug_line    0x00000000000004c8     0x12f9 build/stm32f1xx_hal_tim.o
 .debug_line    0x00000000000017c1      0x790 build/stm32f1xx_hal_tim_ex.o
 .debug_line    0x0000000000001f51      0x5d8 build/stm32f1xx_hal_adc_ex.o
 .debug_line    0x0000000000002529      0x330 build/stm32f1xx_hal_cortex.o
 .debug_line    0x0000000000002859      0x398 build/stm32f1xx_hal_gpio.o
 .debug_line    0x0000000000002bf1      0x2c2 build/stm32f1xx_hal_rcc_ex.o
 .debug_line    0x0000000000002eb3      0x331 build/stm32f1xx_hal.o
 .debug_line    0x00000000000031e4      0x769 build/stm32f1xx_hal_adc.o
 .debug_line    0x000000000000394d      0xaf3 build/stm32f1xx_hal_uart.o
 .debug_line    0x0000000000004440      0x7ae build/stm32f1xx_hal_dma.o
 .debug_line    0x0000000000004bee      0x1b5 build/system_stm32f1xx.o
 .debug_line    0x0000000000004da3      0x487 build/setup.o
 .debug_line    0x000000000000522a      0x229 build/control.o
 .debug_line    0x0000000000005453      0x5a7 build/util.o
 .debug_line    0x00000000000059fa      0x3b8 build/main.o
 .debug_line    0x0000000000005db2      0x373 build/bldc.o
 .debug_line    0x0000000000006125      0x1e2 build/comms.o
 .debug_line    0x0000000000006307      0x2e6 build/stm32f1xx_it.o
 .debug_line    0x00000000000065ed       0x62 build/BLDC_controller_data.o
 .debug_line    0x000000000000664f      0x73e build/BLDC_controller.o
 .debug_line    0x0000000000006d8d       0x72 build/startup_stm32f103xe.o
 .debug_line    0x0000000000006dff       0xb9 /usr/lib/gcc/arm-none-eabi/6.3.1/../../../arm-none-eabi/lib/thumb/v7-m/libc_nano.a(lib_a-init.o)
 .debug_line    0x0000000000006eb8       0xbe /usr/lib/gcc/arm-none-eabi/6.3.1/../../../arm-none-eabi/lib/thumb/v7-m/libc_nano.a(lib_a-memcpy.o)

.debug_str      0x0000000000000000     0x5385
 .debug_str     0x0000000000000000      0x95e build/stm32f1xx_hal_rcc.o
                                        0xa02 (size before relaxing)
 .debug_str     0x000000000000095e     0x10e0 build/stm32f1xx_hal_tim.o
                                       0x175a (size before relaxing)
 .debug_str     0x0000000000001a3e      0x4ee build/stm32f1xx_hal_tim_ex.o
                                        0xffc (size before relaxing)
 .debug_str     0x0000000000001f2c      0x42a build/stm32f1xx_hal_adc_ex.o
                                        0xc65 (size before relaxing)
 .debug_str     0x0000000000002356      0x6f3 build/stm32f1xx_hal_cortex.o
                                        0xda2 (size before relaxing)
 .debug_str     0x0000000000002a49      0x180 build/stm32f1xx_hal_gpio.o
                                        0x82b (size before relaxing)
 .debug_str     0x0000000000002bc9      0x133 build/stm32f1xx_hal_rcc_ex.o
                                        0x824 (size before relaxing)
 .debug_str     0x0000000000002cfc      0x1b3 build/stm32f1xx_hal.o
                                        0xc3e (size before relaxing)
 .debug_str     0x0000000000002eaf      0x2a4 build/stm32f1xx_hal_adc.o
                                        0xcb2 (size before relaxing)
 .debug_str     0x0000000000003153      0x6df build/stm32f1xx_hal_uart.o
                                        0xf73 (size before relaxing)
 .debug_str     0x0000000000003832      0x207 build/stm32f1xx_hal_dma.o
                                        0xa22 (size before relaxing)
 .debug_str     0x0000000000003a39       0x4a build/system_stm32f1xx.o
                                        0x694 (size before relaxing)
 .debug_str     0x0000000000003a83      0x397 build/setup.o
                                       0x17b1 (size before relaxing)
 .debug_str     0x0000000000003e1a       0xaf build/control.o
                                        0xceb (size before relaxing)
 .debug_str     0x0000000000003ec9      0xc01 build/util.o
                                       0x1918 (size before relaxing)
 .debug_str     0x0000000000004aca      0x124 build/main.o
                                       0x1964 (size before relaxing)
 .debug_str     0x0000000000004bee      0x138 build/bldc.o
                                       0x1016 (size before relaxing)
 .debug_str     0x0000000000004d26       0x41 build/comms.o
                                        0x999 (size before relaxing)
 .debug_str     0x0000000000004d67       0xe7 build/stm32f1xx_it.o
                                        0xd56 (size before relaxing)
 .debug_str     0x0000000000004e4e       0x1b build/BLDC_controller_data.o
                                        0x409 (size before relaxing)
 .debug_str     0x0000000000004e69      0x3c9 build/BLDC_controller.o
                                        0xd3c (size before relaxing)
 .debug_str     0x0000000000005232      0x153 /usr/lib/gcc/arm-none-eabi/6.3.1/../../../arm-none-eabi/lib/thumb/v7-m/libc_nano.a(lib_a-init.o)
                                        0x1f7 (size before relaxing)

.debug_frame    0x0000000000000000     0x28c0
 .debug_frame   0x0000000000000000      0x17c build/stm32f1xx_hal_rcc.o
 .debug_frame   0x000000000000017c      0xb18 build/stm32f1xx_hal_tim.o
 .debug_frame   0x0000000000000c94      0x3e4 build/stm32f1xx_hal_tim_ex.o
 .debug_frame   0x0000000000001078      0x1ac build/stm32f1xx_hal_adc_ex.o
 .debug_frame   0x0000000000001224      0x13c build/stm32f1xx_hal_cortex.o
 .debug_frame   0x0000000000001360      0x104 build/stm32f1xx_hal_gpio.o
 .debug_frame   0x0000000000001464       0x74 build/stm32f1xx_hal_rcc_ex.o
 .debug_frame   0x00000000000014d8      0x188 build/stm32f1xx_hal.o
 .debug_frame   0x0000000000001660      0x300 build/stm32f1xx_hal_adc.o
 .debug_frame   0x0000000000001960      0x57c build/stm32f1xx_hal_uart.o
 .debug_frame   0x0000000000001edc      0x164 build/stm32f1xx_hal_dma.o
 .debug_frame   0x0000000000002040       0x30 build/system_stm32f1xx.o
 .debug_frame   0x0000000000002070      0x16c build/setup.o
 .debug_frame   0x00000000000021dc       0x80 build/control.o
 .debug_frame   0x000000000000225c      0x294 build/util.o
 .debug_frame   0x00000000000024f0       0x5c build/main.o
 .debug_frame   0x000000000000254c       0x3c build/bldc.o
 .debug_frame   0x0000000000002588       0x40 build/comms.o
 .debug_frame   0x00000000000025c8      0x108 build/stm32f1xx_it.o
 .debug_frame   0x00000000000026d0      0x1c4 build/BLDC_controller.o
 .debug_frame   0x0000000000002894       0x2c /usr/lib/gcc/arm-none-eabi/6.3.1/../../../arm-none-eabi/lib/thumb/v7-m/libc_nano.a(lib_a-init.o)

Cross Reference Table

Symbol                                            File
ADC1_2_IRQHandler                                 build/startup_stm32f103xe.o
ADC3_IRQHandler                                   build/startup_stm32f103xe.o
ADC_ConversionStop_Disable                        build/stm32f1xx_hal_adc.o
                                                  build/stm32f1xx_hal_adc_ex.o
ADC_DMAConvCplt                                   build/stm32f1xx_hal_adc.o
                                                  build/stm32f1xx_hal_adc_ex.o
ADC_DMAError                                      build/stm32f1xx_hal_adc.o
                                                  build/stm32f1xx_hal_adc_ex.o
ADC_DMAHalfConvCplt                               build/stm32f1xx_hal_adc.o
                                                  build/stm32f1xx_hal_adc_ex.o
ADC_Enable                                        build/stm32f1xx_hal_adc.o
                                                  build/stm32f1xx_hal_adc_ex.o
AHBPrescTable                                     build/system_stm32f1xx.o
                                                  build/stm32f1xx_hal_rcc.o
APBPrescTable                                     build/system_stm32f1xx.o
                                                  build/stm32f1xx_hal_rcc.o
BLDC_Init                                         build/util.o
                                                  build/main.o
BLDC_controller_initialize                        build/BLDC_controller.o
                                                  build/util.o
BLDC_controller_step                              build/BLDC_controller.o
                                                  build/bldc.o
BusFault_Handler                                  build/stm32f1xx_it.o
CAN1_RX1_IRQHandler                               build/startup_stm32f103xe.o
CAN1_SCE_IRQHandler                               build/startup_stm32f103xe.o
Counter                                           build/BLDC_controller.o
Counter_Init                                      build/BLDC_controller.o
Counter_b_Init                                    build/BLDC_controller.o
Counter_i                                         build/BLDC_controller.o
DMA1_Channel1_IRQHandler                          build/bldc.o
DMA1_Channel2_IRQHandler                          build/stm32f1xx_it.o
DMA1_Channel3_IRQHandler                          build/stm32f1xx_it.o
DMA1_Channel4_IRQHandler                          build/startup_stm32f103xe.o
DMA1_Channel5_IRQHandler                          build/startup_stm32f103xe.o
DMA1_Channel6_IRQHandler                          build/startup_stm32f103xe.o
DMA1_Channel7_IRQHandler                          build/startup_stm32f103xe.o
DMA2_Channel1_IRQHandler                          build/startup_stm32f103xe.o
DMA2_Channel2_IRQHandler                          build/startup_stm32f103xe.o
DMA2_Channel3_IRQHandler                          build/startup_stm32f103xe.o
DMA2_Channel4_5_IRQHandler                        build/startup_stm32f103xe.o
DataVar                                           build/eeprom.o
Debounce_Filter                                   build/BLDC_controller.o
Debounce_Filter_Init                              build/BLDC_controller.o
DebugMon_Handler                                  build/stm32f1xx_it.o
Default_Handler                                   build/startup_stm32f103xe.o
EE_Init                                           build/eeprom.o
EE_ReadVariable                                   build/eeprom.o
EE_WriteVariable                                  build/eeprom.o
EXTI0_IRQHandler                                  build/startup_stm32f103xe.o
EXTI15_10_IRQHandler                              build/startup_stm32f103xe.o
EXTI1_IRQHandler                                  build/startup_stm32f103xe.o
EXTI2_IRQHandler                                  build/startup_stm32f103xe.o
EXTI3_IRQHandler                                  build/startup_stm32f103xe.o
EXTI4_IRQHandler                                  build/startup_stm32f103xe.o
EXTI9_5_IRQHandler                                build/startup_stm32f103xe.o
FLASH_IRQHandler                                  build/startup_stm32f103xe.o
FLASH_PageErase                                   build/stm32f1xx_hal_flash_ex.o
                                                  build/stm32f1xx_hal_flash.o
FLASH_WaitForLastOperation                        build/stm32f1xx_hal_flash.o
                                                  build/stm32f1xx_hal_flash_ex.o
FSMC_IRQHandler                                   build/startup_stm32f103xe.o
HAL_ADCEx_Calibration_Start                       build/stm32f1xx_hal_adc_ex.o
HAL_ADCEx_InjectedConfigChannel                   build/stm32f1xx_hal_adc_ex.o
HAL_ADCEx_InjectedConvCpltCallback                build/stm32f1xx_hal_adc_ex.o
                                                  build/stm32f1xx_hal_adc.o
HAL_ADCEx_InjectedGetValue                        build/stm32f1xx_hal_adc_ex.o
HAL_ADCEx_InjectedPollForConversion               build/stm32f1xx_hal_adc_ex.o
HAL_ADCEx_InjectedStart                           build/stm32f1xx_hal_adc_ex.o
HAL_ADCEx_InjectedStart_IT                        build/stm32f1xx_hal_adc_ex.o
HAL_ADCEx_InjectedStop                            build/stm32f1xx_hal_adc_ex.o
HAL_ADCEx_InjectedStop_IT                         build/stm32f1xx_hal_adc_ex.o
HAL_ADCEx_MultiModeConfigChannel                  build/stm32f1xx_hal_adc_ex.o
                                                  build/setup.o
HAL_ADCEx_MultiModeGetValue                       build/stm32f1xx_hal_adc_ex.o
HAL_ADCEx_MultiModeStart_DMA                      build/stm32f1xx_hal_adc_ex.o
HAL_ADCEx_MultiModeStop_DMA                       build/stm32f1xx_hal_adc_ex.o
HAL_ADC_AnalogWDGConfig                           build/stm32f1xx_hal_adc.o
HAL_ADC_ConfigChannel                             build/stm32f1xx_hal_adc.o
                                                  build/setup.o
HAL_ADC_ConvCpltCallback                          build/stm32f1xx_hal_adc.o
HAL_ADC_ConvHalfCpltCallback                      build/stm32f1xx_hal_adc.o
HAL_ADC_DeInit                                    build/stm32f1xx_hal_adc.o
HAL_ADC_ErrorCallback                             build/stm32f1xx_hal_adc.o
HAL_ADC_GetError                                  build/stm32f1xx_hal_adc.o
HAL_ADC_GetState                                  build/stm32f1xx_hal_adc.o
HAL_ADC_GetValue                                  build/stm32f1xx_hal_adc.o
HAL_ADC_IRQHandler                                build/stm32f1xx_hal_adc.o
HAL_ADC_Init                                      build/stm32f1xx_hal_adc.o
                                                  build/setup.o
HAL_ADC_LevelOutOfWindowCallback                  build/stm32f1xx_hal_adc.o
HAL_ADC_MspDeInit                                 build/stm32f1xx_hal_adc.o
HAL_ADC_MspInit                                   build/stm32f1xx_hal_adc.o
HAL_ADC_PollForConversion                         build/stm32f1xx_hal_adc.o
HAL_ADC_PollForEvent                              build/stm32f1xx_hal_adc.o
HAL_ADC_Start                                     build/stm32f1xx_hal_adc.o
                                                  build/main.o
HAL_ADC_Start_DMA                                 build/stm32f1xx_hal_adc.o
HAL_ADC_Start_IT                                  build/stm32f1xx_hal_adc.o
HAL_ADC_Stop                                      build/stm32f1xx_hal_adc.o
HAL_ADC_Stop_DMA                                  build/stm32f1xx_hal_adc.o
HAL_ADC_Stop_IT                                   build/stm32f1xx_hal_adc.o
HAL_DBGMCU_DisableDBGSleepMode                    build/stm32f1xx_hal.o
HAL_DBGMCU_DisableDBGStandbyMode                  build/stm32f1xx_hal.o
HAL_DBGMCU_DisableDBGStopMode                     build/stm32f1xx_hal.o
HAL_DBGMCU_EnableDBGSleepMode                     build/stm32f1xx_hal.o
HAL_DBGMCU_EnableDBGStandbyMode                   build/stm32f1xx_hal.o
HAL_DBGMCU_EnableDBGStopMode                      build/stm32f1xx_hal.o
HAL_DMA_Abort                                     build/stm32f1xx_hal_dma.o
                                                  build/stm32f1xx_hal_uart.o
                                                  build/stm32f1xx_hal_adc.o
                                                  build/stm32f1xx_hal_adc_ex.o
                                                  build/stm32f1xx_hal_tim.o
HAL_DMA_Abort_IT                                  build/stm32f1xx_hal_dma.o
                                                  build/stm32f1xx_hal_i2c.o
                                                  build/stm32f1xx_hal_uart.o
HAL_DMA_DeInit                                    build/stm32f1xx_hal_dma.o
                                                  build/setup.o
HAL_DMA_GetError                                  build/stm32f1xx_hal_dma.o
HAL_DMA_GetState                                  build/stm32f1xx_hal_dma.o
HAL_DMA_IRQHandler                                build/stm32f1xx_hal_dma.o
                                                  build/stm32f1xx_it.o
HAL_DMA_Init                                      build/stm32f1xx_hal_dma.o
                                                  build/setup.o
HAL_DMA_PollForTransfer                           build/stm32f1xx_hal_dma.o
HAL_DMA_RegisterCallback                          build/stm32f1xx_hal_dma.o
HAL_DMA_Start                                     build/stm32f1xx_hal_dma.o
HAL_DMA_Start_IT                                  build/stm32f1xx_hal_dma.o
                                                  build/stm32f1xx_hal_i2c.o
                                                  build/stm32f1xx_hal_uart.o
                                                  build/stm32f1xx_hal_adc.o
                                                  build/stm32f1xx_hal_adc_ex.o
                                                  build/stm32f1xx_hal_tim_ex.o
                                                  build/stm32f1xx_hal_tim.o
HAL_DMA_UnRegisterCallback                        build/stm32f1xx_hal_dma.o
HAL_DeInit                                        build/stm32f1xx_hal.o
HAL_Delay                                         build/stm32f1xx_hal.o
                                                  build/hd44780.o
                                                  build/main.o
                                                  build/util.o
                                                  build/control.o
HAL_FLASHEx_Erase                                 build/stm32f1xx_hal_flash_ex.o
                                                  build/eeprom.o
HAL_FLASHEx_Erase_IT                              build/stm32f1xx_hal_flash_ex.o
HAL_FLASHEx_OBErase                               build/stm32f1xx_hal_flash_ex.o
HAL_FLASHEx_OBGetConfig                           build/stm32f1xx_hal_flash_ex.o
HAL_FLASHEx_OBGetUserData                         build/stm32f1xx_hal_flash_ex.o
HAL_FLASHEx_OBProgram                             build/stm32f1xx_hal_flash_ex.o
HAL_FLASH_EndOfOperationCallback                  build/stm32f1xx_hal_flash.o
HAL_FLASH_GetError                                build/stm32f1xx_hal_flash.o
HAL_FLASH_IRQHandler                              build/stm32f1xx_hal_flash.o
HAL_FLASH_Lock                                    build/stm32f1xx_hal_flash.o
HAL_FLASH_OB_Launch                               build/stm32f1xx_hal_flash.o
HAL_FLASH_OB_Lock                                 build/stm32f1xx_hal_flash.o
HAL_FLASH_OB_Unlock                               build/stm32f1xx_hal_flash.o
HAL_FLASH_OperationErrorCallback                  build/stm32f1xx_hal_flash.o
HAL_FLASH_Program                                 build/stm32f1xx_hal_flash.o
                                                  build/eeprom.o
HAL_FLASH_Program_IT                              build/stm32f1xx_hal_flash.o
HAL_FLASH_Unlock                                  build/stm32f1xx_hal_flash.o
HAL_GPIOEx_ConfigEventout                         build/stm32f1xx_hal_gpio_ex.o
HAL_GPIOEx_DisableEventout                        build/stm32f1xx_hal_gpio_ex.o
HAL_GPIOEx_EnableEventout                         build/stm32f1xx_hal_gpio_ex.o
HAL_GPIO_DeInit                                   build/stm32f1xx_hal_gpio.o
                                                  build/setup.o
HAL_GPIO_EXTI_Callback                            build/stm32f1xx_hal_gpio.o
HAL_GPIO_EXTI_IRQHandler                          build/stm32f1xx_hal_gpio.o
HAL_GPIO_Init                                     build/stm32f1xx_hal_gpio.o
                                                  build/setup.o
                                                  build/stm32f1xx_hal_rcc.o
HAL_GPIO_LockPin                                  build/stm32f1xx_hal_gpio.o
HAL_GPIO_ReadPin                                  build/stm32f1xx_hal_gpio.o
                                                  build/util.o
HAL_GPIO_TogglePin                                build/stm32f1xx_hal_gpio.o
                                                  build/bldc.o
HAL_GPIO_WritePin                                 build/stm32f1xx_hal_gpio.o
                                                  build/bldc.o
                                                  build/main.o
                                                  build/util.o
HAL_GetDEVID                                      build/stm32f1xx_hal.o
HAL_GetHalVersion                                 build/stm32f1xx_hal.o
HAL_GetREVID                                      build/stm32f1xx_hal.o
HAL_GetTick                                       build/stm32f1xx_hal.o
                                                  build/stm32f1xx_hal_dma.o
                                                  build/stm32f1xx_hal_i2c.o
                                                  build/stm32f1xx_hal_uart.o
                                                  build/stm32f1xx_hal_adc.o
                                                  build/stm32f1xx_hal_rcc_ex.o
                                                  build/stm32f1xx_hal_adc_ex.o
                                                  build/stm32f1xx_hal_rcc.o
                                                  build/stm32f1xx_hal_flash.o
HAL_GetUID                                        build/stm32f1xx_hal.o
HAL_HalfDuplex_EnableReceiver                     build/stm32f1xx_hal_uart.o
HAL_HalfDuplex_EnableTransmitter                  build/stm32f1xx_hal_uart.o
HAL_HalfDuplex_Init                               build/stm32f1xx_hal_uart.o
HAL_I2C_AbortCpltCallback                         build/stm32f1xx_hal_i2c.o
HAL_I2C_AddrCallback                              build/stm32f1xx_hal_i2c.o
HAL_I2C_DeInit                                    build/stm32f1xx_hal_i2c.o
                                                  build/pcf8574.o
HAL_I2C_DisableListen_IT                          build/stm32f1xx_hal_i2c.o
HAL_I2C_ER_IRQHandler                             build/stm32f1xx_hal_i2c.o
HAL_I2C_EV_IRQHandler                             build/stm32f1xx_hal_i2c.o
HAL_I2C_EnableListen_IT                           build/stm32f1xx_hal_i2c.o
HAL_I2C_ErrorCallback                             build/stm32f1xx_hal_i2c.o
HAL_I2C_GetError                                  build/stm32f1xx_hal_i2c.o
HAL_I2C_GetMode                                   build/stm32f1xx_hal_i2c.o
HAL_I2C_GetState                                  build/stm32f1xx_hal_i2c.o
HAL_I2C_Init                                      build/stm32f1xx_hal_i2c.o
                                                  build/setup.o
HAL_I2C_IsDeviceReady                             build/stm32f1xx_hal_i2c.o
HAL_I2C_ListenCpltCallback                        build/stm32f1xx_hal_i2c.o
HAL_I2C_MasterRxCpltCallback                      build/stm32f1xx_hal_i2c.o
HAL_I2C_MasterTxCpltCallback                      build/stm32f1xx_hal_i2c.o
HAL_I2C_Master_Abort_IT                           build/stm32f1xx_hal_i2c.o
HAL_I2C_Master_Receive                            build/stm32f1xx_hal_i2c.o
                                                  build/pcf8574.o
                                                  build/control.o
HAL_I2C_Master_Receive_DMA                        build/stm32f1xx_hal_i2c.o
HAL_I2C_Master_Receive_IT                         build/stm32f1xx_hal_i2c.o
HAL_I2C_Master_Sequential_Receive_IT              build/stm32f1xx_hal_i2c.o
HAL_I2C_Master_Sequential_Transmit_IT             build/stm32f1xx_hal_i2c.o
HAL_I2C_Master_Transmit                           build/stm32f1xx_hal_i2c.o
                                                  build/pcf8574.o
                                                  build/control.o
HAL_I2C_Master_Transmit_DMA                       build/stm32f1xx_hal_i2c.o
HAL_I2C_Master_Transmit_IT                        build/stm32f1xx_hal_i2c.o
HAL_I2C_MemRxCpltCallback                         build/stm32f1xx_hal_i2c.o
HAL_I2C_MemTxCpltCallback                         build/stm32f1xx_hal_i2c.o
HAL_I2C_Mem_Read                                  build/stm32f1xx_hal_i2c.o
HAL_I2C_Mem_Read_DMA                              build/stm32f1xx_hal_i2c.o
HAL_I2C_Mem_Read_IT                               build/stm32f1xx_hal_i2c.o
HAL_I2C_Mem_Write                                 build/stm32f1xx_hal_i2c.o
HAL_I2C_Mem_Write_DMA                             build/stm32f1xx_hal_i2c.o
HAL_I2C_Mem_Write_IT                              build/stm32f1xx_hal_i2c.o
HAL_I2C_MspDeInit                                 build/stm32f1xx_hal_i2c.o
HAL_I2C_MspInit                                   build/stm32f1xx_hal_i2c.o
HAL_I2C_SlaveRxCpltCallback                       build/stm32f1xx_hal_i2c.o
HAL_I2C_SlaveTxCpltCallback                       build/stm32f1xx_hal_i2c.o
HAL_I2C_Slave_Receive                             build/stm32f1xx_hal_i2c.o
HAL_I2C_Slave_Receive_DMA                         build/stm32f1xx_hal_i2c.o
HAL_I2C_Slave_Receive_IT                          build/stm32f1xx_hal_i2c.o
HAL_I2C_Slave_Sequential_Receive_IT               build/stm32f1xx_hal_i2c.o
HAL_I2C_Slave_Sequential_Transmit_IT              build/stm32f1xx_hal_i2c.o
HAL_I2C_Slave_Transmit                            build/stm32f1xx_hal_i2c.o
HAL_I2C_Slave_Transmit_DMA                        build/stm32f1xx_hal_i2c.o
HAL_I2C_Slave_Transmit_IT                         build/stm32f1xx_hal_i2c.o
HAL_IncTick                                       build/stm32f1xx_hal.o
                                                  build/stm32f1xx_it.o
HAL_Init                                          build/stm32f1xx_hal.o
                                                  build/main.o
HAL_InitTick                                      build/stm32f1xx_hal.o
                                                  build/stm32f1xx_hal_rcc.o
HAL_LIN_Init                                      build/stm32f1xx_hal_uart.o
HAL_LIN_SendBreak                                 build/stm32f1xx_hal_uart.o
HAL_MspDeInit                                     build/stm32f1xx_hal.o
HAL_MspInit                                       build/stm32f1xx_hal.o
HAL_MultiProcessor_EnterMuteMode                  build/stm32f1xx_hal_uart.o
HAL_MultiProcessor_ExitMuteMode                   build/stm32f1xx_hal_uart.o
HAL_MultiProcessor_Init                           build/stm32f1xx_hal_uart.o
HAL_NVIC_ClearPendingIRQ                          build/stm32f1xx_hal_cortex.o
HAL_NVIC_DisableIRQ                               build/stm32f1xx_hal_cortex.o
                                                  build/setup.o
HAL_NVIC_EnableIRQ                                build/stm32f1xx_hal_cortex.o
                                                  build/setup.o
HAL_NVIC_GetActive                                build/stm32f1xx_hal_cortex.o
HAL_NVIC_GetPendingIRQ                            build/stm32f1xx_hal_cortex.o
HAL_NVIC_GetPriority                              build/stm32f1xx_hal_cortex.o
HAL_NVIC_GetPriorityGrouping                      build/stm32f1xx_hal_cortex.o
HAL_NVIC_SetPendingIRQ                            build/stm32f1xx_hal_cortex.o
HAL_NVIC_SetPriority                              build/stm32f1xx_hal_cortex.o
                                                  build/main.o
                                                  build/setup.o
                                                  build/stm32f1xx_hal.o
HAL_NVIC_SetPriorityGrouping                      build/stm32f1xx_hal_cortex.o
                                                  build/main.o
                                                  build/stm32f1xx_hal.o
HAL_NVIC_SystemReset                              build/stm32f1xx_hal_cortex.o
                                                  build/stm32f1xx_hal_flash.o
HAL_PWR_ConfigPVD                                 build/stm32f1xx_hal_pwr.o
HAL_PWR_DeInit                                    build/stm32f1xx_hal_pwr.o
HAL_PWR_DisableBkUpAccess                         build/stm32f1xx_hal_pwr.o
HAL_PWR_DisablePVD                                build/stm32f1xx_hal_pwr.o
HAL_PWR_DisableSEVOnPend                          build/stm32f1xx_hal_pwr.o
HAL_PWR_DisableSleepOnExit                        build/stm32f1xx_hal_pwr.o
HAL_PWR_DisableWakeUpPin                          build/stm32f1xx_hal_pwr.o
HAL_PWR_EnableBkUpAccess                          build/stm32f1xx_hal_pwr.o
HAL_PWR_EnablePVD                                 build/stm32f1xx_hal_pwr.o
HAL_PWR_EnableSEVOnPend                           build/stm32f1xx_hal_pwr.o
HAL_PWR_EnableSleepOnExit                         build/stm32f1xx_hal_pwr.o
HAL_PWR_EnableWakeUpPin                           build/stm32f1xx_hal_pwr.o
HAL_PWR_EnterSLEEPMode                            build/stm32f1xx_hal_pwr.o
HAL_PWR_EnterSTANDBYMode                          build/stm32f1xx_hal_pwr.o
HAL_PWR_EnterSTOPMode                             build/stm32f1xx_hal_pwr.o
HAL_PWR_PVDCallback                               build/stm32f1xx_hal_pwr.o
HAL_PWR_PVD_IRQHandler                            build/stm32f1xx_hal_pwr.o
HAL_RCCEx_GetPeriphCLKConfig                      build/stm32f1xx_hal_rcc_ex.o
HAL_RCCEx_GetPeriphCLKFreq                        build/stm32f1xx_hal_rcc_ex.o
                                                  build/stm32f1xx_hal_adc.o
                                                  build/stm32f1xx_hal_adc_ex.o
HAL_RCCEx_PeriphCLKConfig                         build/stm32f1xx_hal_rcc_ex.o
                                                  build/main.o
HAL_RCC_CSSCallback                               build/stm32f1xx_hal_rcc.o
HAL_RCC_ClockConfig                               build/stm32f1xx_hal_rcc.o
                                                  build/main.o
HAL_RCC_DeInit                                    build/stm32f1xx_hal_rcc.o
HAL_RCC_DisableCSS                                build/stm32f1xx_hal_rcc.o
HAL_RCC_EnableCSS                                 build/stm32f1xx_hal_rcc.o
HAL_RCC_GetClockConfig                            build/stm32f1xx_hal_rcc.o
HAL_RCC_GetHCLKFreq                               build/stm32f1xx_hal_rcc.o
                                                  build/main.o
HAL_RCC_GetOscConfig                              build/stm32f1xx_hal_rcc.o
HAL_RCC_GetPCLK1Freq                              build/stm32f1xx_hal_rcc.o
                                                  build/stm32f1xx_hal_i2c.o
                                                  build/stm32f1xx_hal_uart.o
HAL_RCC_GetPCLK2Freq                              build/stm32f1xx_hal_rcc.o
                                                  build/stm32f1xx_hal_uart.o
                                                  build/stm32f1xx_hal_rcc_ex.o
HAL_RCC_GetSysClockFreq                           build/stm32f1xx_hal_rcc.o
                                                  build/stm32f1xx_hal_rcc_ex.o
HAL_RCC_MCOConfig                                 build/stm32f1xx_hal_rcc.o
HAL_RCC_NMI_IRQHandler                            build/stm32f1xx_hal_rcc.o
HAL_RCC_OscConfig                                 build/stm32f1xx_hal_rcc.o
                                                  build/main.o
HAL_ResumeTick                                    build/stm32f1xx_hal.o
HAL_SYSTICK_CLKSourceConfig                       build/stm32f1xx_hal_cortex.o
                                                  build/main.o
HAL_SYSTICK_Callback                              build/stm32f1xx_hal_cortex.o
HAL_SYSTICK_Config                                build/stm32f1xx_hal_cortex.o
                                                  build/main.o
                                                  build/stm32f1xx_hal.o
HAL_SYSTICK_IRQHandler                            build/stm32f1xx_hal_cortex.o
                                                  build/stm32f1xx_it.o
HAL_SuspendTick                                   build/stm32f1xx_hal.o
HAL_TIMEx_BreakCallback                           build/stm32f1xx_hal_tim_ex.o
                                                  build/stm32f1xx_hal_tim.o
HAL_TIMEx_CommutationCallback                     build/stm32f1xx_hal_tim_ex.o
                                                  build/stm32f1xx_hal_tim.o
HAL_TIMEx_ConfigBreakDeadTime                     build/stm32f1xx_hal_tim_ex.o
                                                  build/setup.o
HAL_TIMEx_ConfigCommutationEvent                  build/stm32f1xx_hal_tim_ex.o
HAL_TIMEx_ConfigCommutationEvent_DMA              build/stm32f1xx_hal_tim_ex.o
HAL_TIMEx_ConfigCommutationEvent_IT               build/stm32f1xx_hal_tim_ex.o
HAL_TIMEx_HallSensor_DeInit                       build/stm32f1xx_hal_tim_ex.o
HAL_TIMEx_HallSensor_GetState                     build/stm32f1xx_hal_tim_ex.o
HAL_TIMEx_HallSensor_Init                         build/stm32f1xx_hal_tim_ex.o
HAL_TIMEx_HallSensor_MspDeInit                    build/stm32f1xx_hal_tim_ex.o
HAL_TIMEx_HallSensor_MspInit                      build/stm32f1xx_hal_tim_ex.o
HAL_TIMEx_HallSensor_Start                        build/stm32f1xx_hal_tim_ex.o
HAL_TIMEx_HallSensor_Start_DMA                    build/stm32f1xx_hal_tim_ex.o
HAL_TIMEx_HallSensor_Start_IT                     build/stm32f1xx_hal_tim_ex.o
HAL_TIMEx_HallSensor_Stop                         build/stm32f1xx_hal_tim_ex.o
HAL_TIMEx_HallSensor_Stop_DMA                     build/stm32f1xx_hal_tim_ex.o
HAL_TIMEx_HallSensor_Stop_IT                      build/stm32f1xx_hal_tim_ex.o
HAL_TIMEx_MasterConfigSynchronization             build/stm32f1xx_hal_tim_ex.o
                                                  build/setup.o
HAL_TIMEx_OCN_Start                               build/stm32f1xx_hal_tim_ex.o
HAL_TIMEx_OCN_Start_DMA                           build/stm32f1xx_hal_tim_ex.o
HAL_TIMEx_OCN_Start_IT                            build/stm32f1xx_hal_tim_ex.o
HAL_TIMEx_OCN_Stop                                build/stm32f1xx_hal_tim_ex.o
HAL_TIMEx_OCN_Stop_DMA                            build/stm32f1xx_hal_tim_ex.o
HAL_TIMEx_OCN_Stop_IT                             build/stm32f1xx_hal_tim_ex.o
HAL_TIMEx_OnePulseN_Start                         build/stm32f1xx_hal_tim_ex.o
HAL_TIMEx_OnePulseN_Start_IT                      build/stm32f1xx_hal_tim_ex.o
HAL_TIMEx_OnePulseN_Stop                          build/stm32f1xx_hal_tim_ex.o
HAL_TIMEx_OnePulseN_Stop_IT                       build/stm32f1xx_hal_tim_ex.o
HAL_TIMEx_PWMN_Start                              build/stm32f1xx_hal_tim_ex.o
                                                  build/setup.o
HAL_TIMEx_PWMN_Start_DMA                          build/stm32f1xx_hal_tim_ex.o
HAL_TIMEx_PWMN_Start_IT                           build/stm32f1xx_hal_tim_ex.o
HAL_TIMEx_PWMN_Stop                               build/stm32f1xx_hal_tim_ex.o
HAL_TIMEx_PWMN_Stop_DMA                           build/stm32f1xx_hal_tim_ex.o
HAL_TIMEx_PWMN_Stop_IT                            build/stm32f1xx_hal_tim_ex.o
HAL_TIM_Base_DeInit                               build/stm32f1xx_hal_tim.o
HAL_TIM_Base_GetState                             build/stm32f1xx_hal_tim.o
HAL_TIM_Base_Init                                 build/stm32f1xx_hal_tim.o
HAL_TIM_Base_MspDeInit                            build/stm32f1xx_hal_tim.o
HAL_TIM_Base_MspInit                              build/stm32f1xx_hal_tim.o
HAL_TIM_Base_Start                                build/stm32f1xx_hal_tim.o
HAL_TIM_Base_Start_DMA                            build/stm32f1xx_hal_tim.o
HAL_TIM_Base_Start_IT                             build/stm32f1xx_hal_tim.o
HAL_TIM_Base_Stop                                 build/stm32f1xx_hal_tim.o
HAL_TIM_Base_Stop_DMA                             build/stm32f1xx_hal_tim.o
HAL_TIM_Base_Stop_IT                              build/stm32f1xx_hal_tim.o
HAL_TIM_ConfigClockSource                         build/stm32f1xx_hal_tim.o
HAL_TIM_ConfigOCrefClear                          build/stm32f1xx_hal_tim.o
HAL_TIM_ConfigTI1Input                            build/stm32f1xx_hal_tim.o
HAL_TIM_DMABurst_ReadStart                        build/stm32f1xx_hal_tim.o
HAL_TIM_DMABurst_ReadStop                         build/stm32f1xx_hal_tim.o
HAL_TIM_DMABurst_WriteStart                       build/stm32f1xx_hal_tim.o
HAL_TIM_DMABurst_WriteStop                        build/stm32f1xx_hal_tim.o
HAL_TIM_Encoder_DeInit                            build/stm32f1xx_hal_tim.o
HAL_TIM_Encoder_GetState                          build/stm32f1xx_hal_tim.o
HAL_TIM_Encoder_Init                              build/stm32f1xx_hal_tim.o
HAL_TIM_Encoder_MspDeInit                         build/stm32f1xx_hal_tim.o
HAL_TIM_Encoder_MspInit                           build/stm32f1xx_hal_tim.o
HAL_TIM_Encoder_Start                             build/stm32f1xx_hal_tim.o
HAL_TIM_Encoder_Start_DMA                         build/stm32f1xx_hal_tim.o
HAL_TIM_Encoder_Start_IT                          build/stm32f1xx_hal_tim.o
HAL_TIM_Encoder_Stop                              build/stm32f1xx_hal_tim.o
HAL_TIM_Encoder_Stop_DMA                          build/stm32f1xx_hal_tim.o
HAL_TIM_Encoder_Stop_IT                           build/stm32f1xx_hal_tim.o
HAL_TIM_ErrorCallback                             build/stm32f1xx_hal_tim.o
HAL_TIM_GenerateEvent                             build/stm32f1xx_hal_tim.o
HAL_TIM_IC_CaptureCallback                        build/stm32f1xx_hal_tim.o
HAL_TIM_IC_ConfigChannel                          build/stm32f1xx_hal_tim.o
HAL_TIM_IC_DeInit                                 build/stm32f1xx_hal_tim.o
HAL_TIM_IC_GetState                               build/stm32f1xx_hal_tim.o
HAL_TIM_IC_Init                                   build/stm32f1xx_hal_tim.o
HAL_TIM_IC_MspDeInit                              build/stm32f1xx_hal_tim.o
HAL_TIM_IC_MspInit                                build/stm32f1xx_hal_tim.o
HAL_TIM_IC_Start                                  build/stm32f1xx_hal_tim.o
HAL_TIM_IC_Start_DMA                              build/stm32f1xx_hal_tim.o
HAL_TIM_IC_Start_IT                               build/stm32f1xx_hal_tim.o
HAL_TIM_IC_Stop                                   build/stm32f1xx_hal_tim.o
HAL_TIM_IC_Stop_DMA                               build/stm32f1xx_hal_tim.o
HAL_TIM_IC_Stop_IT                                build/stm32f1xx_hal_tim.o
HAL_TIM_IRQHandler                                build/stm32f1xx_hal_tim.o
HAL_TIM_OC_ConfigChannel                          build/stm32f1xx_hal_tim.o
HAL_TIM_OC_DeInit                                 build/stm32f1xx_hal_tim.o
HAL_TIM_OC_DelayElapsedCallback                   build/stm32f1xx_hal_tim.o
HAL_TIM_OC_GetState                               build/stm32f1xx_hal_tim.o
HAL_TIM_OC_Init                                   build/stm32f1xx_hal_tim.o
HAL_TIM_OC_MspDeInit                              build/stm32f1xx_hal_tim.o
HAL_TIM_OC_MspInit                                build/stm32f1xx_hal_tim.o
HAL_TIM_OC_Start                                  build/stm32f1xx_hal_tim.o
HAL_TIM_OC_Start_DMA                              build/stm32f1xx_hal_tim.o
HAL_TIM_OC_Start_IT                               build/stm32f1xx_hal_tim.o
HAL_TIM_OC_Stop                                   build/stm32f1xx_hal_tim.o
HAL_TIM_OC_Stop_DMA                               build/stm32f1xx_hal_tim.o
HAL_TIM_OC_Stop_IT                                build/stm32f1xx_hal_tim.o
HAL_TIM_OnePulse_ConfigChannel                    build/stm32f1xx_hal_tim.o
HAL_TIM_OnePulse_DeInit                           build/stm32f1xx_hal_tim.o
HAL_TIM_OnePulse_GetState                         build/stm32f1xx_hal_tim.o
HAL_TIM_OnePulse_Init                             build/stm32f1xx_hal_tim.o
HAL_TIM_OnePulse_MspDeInit                        build/stm32f1xx_hal_tim.o
HAL_TIM_OnePulse_MspInit                          build/stm32f1xx_hal_tim.o
HAL_TIM_OnePulse_Start                            build/stm32f1xx_hal_tim.o
HAL_TIM_OnePulse_Start_IT                         build/stm32f1xx_hal_tim.o
HAL_TIM_OnePulse_Stop                             build/stm32f1xx_hal_tim.o
HAL_TIM_OnePulse_Stop_IT                          build/stm32f1xx_hal_tim.o
HAL_TIM_PWM_ConfigChannel                         build/stm32f1xx_hal_tim.o
                                                  build/setup.o
HAL_TIM_PWM_DeInit                                build/stm32f1xx_hal_tim.o
HAL_TIM_PWM_GetState                              build/stm32f1xx_hal_tim.o
HAL_TIM_PWM_Init                                  build/stm32f1xx_hal_tim.o
                                                  build/setup.o
HAL_TIM_PWM_MspDeInit                             build/stm32f1xx_hal_tim.o
HAL_TIM_PWM_MspInit                               build/stm32f1xx_hal_tim.o
HAL_TIM_PWM_PulseFinishedCallback                 build/stm32f1xx_hal_tim.o